Component: ARM Compiler 5.06 update 7 (build 960) Tool: armlink [4d3601]

==============================================================================

Section Cross References

    startup_stm32f103xb.o(STACK) refers (Special) to heapauxi.o(.text) for __use_two_region_memory
    startup_stm32f103xb.o(HEAP) refers (Special) to heapauxi.o(.text) for __use_two_region_memory
    startup_stm32f103xb.o(RESET) refers (Special) to heapauxi.o(.text) for __use_two_region_memory
    startup_stm32f103xb.o(RESET) refers to startup_stm32f103xb.o(STACK) for __initial_sp
    startup_stm32f103xb.o(RESET) refers to startup_stm32f103xb.o(.text) for Reset_Handler
    startup_stm32f103xb.o(RESET) refers to stm32f1xx_it.o(i.NMI_Handler) for NMI_Handler
    startup_stm32f103xb.o(RESET) refers to stm32f1xx_it.o(i.HardFault_Handler) for HardFault_Handler
    startup_stm32f103xb.o(RESET) refers to stm32f1xx_it.o(i.MemManage_Handler) for MemManage_Handler
    startup_stm32f103xb.o(RESET) refers to stm32f1xx_it.o(i.BusFault_Handler) for BusFault_Handler
    startup_stm32f103xb.o(RESET) refers to stm32f1xx_it.o(i.UsageFault_Handler) for UsageFault_Handler
    startup_stm32f103xb.o(RESET) refers to port.o(.emb_text) for SVC_Handler
    startup_stm32f103xb.o(RESET) refers to stm32f1xx_it.o(i.DebugMon_Handler) for DebugMon_Handler
    startup_stm32f103xb.o(RESET) refers to port.o(i.SysTick_Handler) for SysTick_Handler
    startup_stm32f103xb.o(RESET) refers to stm32f1xx_it.o(i.USB_LP_CAN1_RX0_IRQHandler) for USB_LP_CAN1_RX0_IRQHandler
    startup_stm32f103xb.o(RESET) refers to stm32f1xx_it.o(i.TIM4_IRQHandler) for TIM4_IRQHandler
    startup_stm32f103xb.o(RESET) refers to stm32f1xx_it.o(i.USART2_IRQHandler) for USART2_IRQHandler
    startup_stm32f103xb.o(.text) refers (Special) to heapauxi.o(.text) for __use_two_region_memory
    startup_stm32f103xb.o(.text) refers to system_stm32f1xx.o(i.SystemInit) for SystemInit
    startup_stm32f103xb.o(.text) refers to __main.o(!!!main) for __main
    startup_stm32f103xb.o(.text) refers to startup_stm32f103xb.o(HEAP) for Heap_Mem
    startup_stm32f103xb.o(.text) refers to startup_stm32f103xb.o(STACK) for Stack_Mem
    oled.o(i.OLED_Clear) refers to oled.o(.bss) for .bss
    oled.o(i.OLED_ClearArea) refers to oled.o(.bss) for .bss
    oled.o(i.OLED_DrawArc) refers to oled.o(i.OLED_IsInAngle) for OLED_IsInAngle
    oled.o(i.OLED_DrawArc) refers to oled.o(i.OLED_DrawPoint) for OLED_DrawPoint
    oled.o(i.OLED_DrawCircle) refers to oled.o(i.OLED_DrawPoint) for OLED_DrawPoint
    oled.o(i.OLED_DrawEllipse) refers to dflt_clz.o(x$fpl$dflt) for __aeabi_i2d
    oled.o(i.OLED_DrawEllipse) refers to daddsub_clz.o(x$fpl$dadd) for __aeabi_dadd
    oled.o(i.OLED_DrawEllipse) refers to dmul.o(x$fpl$dmul) for __aeabi_dmul
    oled.o(i.OLED_DrawEllipse) refers to d2f.o(x$fpl$d2f) for __aeabi_d2f
    oled.o(i.OLED_DrawEllipse) refers to oled.o(i.OLED_DrawPoint) for OLED_DrawPoint
    oled.o(i.OLED_DrawEllipse) refers to daddsub_clz.o(x$fpl$dsub) for __aeabi_dsub
    oled.o(i.OLED_DrawEllipse) refers to dleqf.o(x$fpl$dleqf) for __aeabi_cdcmple
    oled.o(i.OLED_DrawEllipse) refers to fflt_clz.o(x$fpl$fflt) for __aeabi_i2f
    oled.o(i.OLED_DrawEllipse) refers to faddsub_clz.o(x$fpl$fadd) for __aeabi_fadd
    oled.o(i.OLED_DrawLine) refers to oled.o(i.OLED_DrawPoint) for OLED_DrawPoint
    oled.o(i.OLED_DrawPoint) refers to oled.o(.bss) for .bss
    oled.o(i.OLED_DrawRectangle) refers to oled.o(i.OLED_DrawPoint) for OLED_DrawPoint
    oled.o(i.OLED_DrawTriangle) refers to oled.o(i.OLED_DrawLine) for OLED_DrawLine
    oled.o(i.OLED_DrawTriangle) refers to oled.o(i.OLED_pnpoly) for OLED_pnpoly
    oled.o(i.OLED_DrawTriangle) refers to oled.o(i.OLED_DrawPoint) for OLED_DrawPoint
    oled.o(i.OLED_GPIO_Init) refers to oled.o(i.OLED_W_SCL) for OLED_W_SCL
    oled.o(i.OLED_GPIO_Init) refers to oled.o(i.OLED_W_SDA) for OLED_W_SDA
    oled.o(i.OLED_GetPoint) refers to oled.o(.bss) for .bss
    oled.o(i.OLED_I2C_SendByte) refers to oled.o(i.OLED_W_SDA) for OLED_W_SDA
    oled.o(i.OLED_I2C_SendByte) refers to oled.o(i.OLED_W_SCL) for OLED_W_SCL
    oled.o(i.OLED_I2C_Start) refers to oled.o(i.OLED_W_SDA) for OLED_W_SDA
    oled.o(i.OLED_I2C_Start) refers to oled.o(i.OLED_W_SCL) for OLED_W_SCL
    oled.o(i.OLED_I2C_Stop) refers to oled.o(i.OLED_W_SDA) for OLED_W_SDA
    oled.o(i.OLED_I2C_Stop) refers to oled.o(i.OLED_W_SCL) for OLED_W_SCL
    oled.o(i.OLED_Init) refers to oled.o(i.OLED_GPIO_Init) for OLED_GPIO_Init
    oled.o(i.OLED_Init) refers to oled.o(i.OLED_WriteCommand) for OLED_WriteCommand
    oled.o(i.OLED_IsInAngle) refers to dflt_clz.o(x$fpl$dflt) for __aeabi_i2d
    oled.o(i.OLED_IsInAngle) refers to atan2.o(i.atan2) for atan2
    oled.o(i.OLED_IsInAngle) refers to ddiv.o(x$fpl$ddiv) for __aeabi_ddiv
    oled.o(i.OLED_IsInAngle) refers to dmul.o(x$fpl$dmul) for __aeabi_dmul
    oled.o(i.OLED_IsInAngle) refers to dfix.o(x$fpl$dfix) for __aeabi_d2iz
    oled.o(i.OLED_Printf) refers to vsprintf.o(.text) for vsprintf
[...]
    .constdata                               0x08006084   Section     3420  oled_data.o(.constdata)
    .constdata                               0x08006de0   Section       56  freertos.o(.constdata)
    .constdata                               0x08006e18   Section       18  stm32f1xx_hal_rcc.o(.constdata)
    aPredivFactorTable                       0x08006e18   Data           2  stm32f1xx_hal_rcc.o(.constdata)
    aPLLMULFactorTable                       0x08006e1a   Data          16  stm32f1xx_hal_rcc.o(.constdata)
    .constdata                               0x08006e2a   Section       16  system_stm32f1xx.o(.constdata)
    .constdata                               0x08006e3a   Section        8  system_stm32f1xx.o(.constdata)
    .constdata                               0x08006e42   Section       17  __printf_flags_ss_wp.o(.constdata)
    maptable                                 0x08006e42   Data          17  __printf_flags_ss_wp.o(.constdata)
    .constdata                               0x08006e54   Section      148  bigflt0.o(.constdata)
    tenpwrs_x                                0x08006e54   Data          60  bigflt0.o(.constdata)
    tenpwrs_i                                0x08006e90   Data          64  bigflt0.o(.constdata)
    .conststring                             0x08006ee8   Section       69  mqtt.o(.conststring)
    .conststring                             0x08006f30   Section       24  freertos.o(.conststring)
    locale$$data                             0x08006f68   Section       28  lc_numeric_c.o(locale$$data)
    __lcnum_c_name                           0x08006f6c   Data           2  lc_numeric_c.o(locale$$data)
    __lcnum_c_start                          0x08006f74   Data           0  lc_numeric_c.o(locale$$data)
    __lcnum_c_point                          0x08006f80   Data           0  lc_numeric_c.o(locale$$data)
    __lcnum_c_thousands                      0x08006f82   Data           0  lc_numeric_c.o(locale$$data)
    __lcnum_c_grouping                       0x08006f83   Data           0  lc_numeric_c.o(locale$$data)
    __lcnum_c_end                            0x08006f84   Data           0  lc_numeric_c.o(locale$$data)
    .data                                    0x20000000   Section        4  mqtt.o(.data)
    .data                                    0x20000004   Section        4  main.o(.data)
    .data                                    0x20000008   Section        4  main.o(.data)
    .data                                    0x2000000c   Section        1  main.o(.data)
    .data                                    0x2000000d   Section        8  main.o(.data)
    .data                                    0x20000018   Section        4  main.o(.data)
    .data                                    0x2000001c   Section       12  freertos.o(.data)
    heartbeat                                0x2000001c   Data           1  freertos.o(.data)
    .data                                    0x20000028   Section       12  stm32f1xx_hal.o(.data)
    .data                                    0x20000034   Section        4  system_stm32f1xx.o(.data)
    .data                                    0x20000038   Section       60  tasks.o(.data)
    uxDeletedTasksWaitingCleanUp             0x2000003c   Data           4  tasks.o(.data)
    uxCurrentNumberOfTasks                   0x20000040   Data           4  tasks.o(.data)
    xTickCount                               0x20000044   Data           4  tasks.o(.data)
    uxTopReadyPriority                       0x20000048   Data           4  tasks.o(.data)
    xSchedulerRunning                        0x2000004c   Data           4  tasks.o(.data)
    xPendedTicks                             0x20000050   Data           4  tasks.o(.data)
    xYieldPending                            0x20000054   Data           4  tasks.o(.data)
    xNumOfOverflows                          0x20000058   Data           4  tasks.o(.data)
    uxTaskNumber                             0x2000005c   Data           4  tasks.o(.data)
    xNextTaskUnblockTime                     0x20000060   Data           4  tasks.o(.data)
    xIdleTaskHandle                          0x20000064   Data           4  tasks.o(.data)
    uxSchedulerSuspended                     0x20000068   Data           4  tasks.o(.data)
    pxDelayedTaskList                        0x2000006c   Data           4  tasks.o(.data)
    pxOverflowDelayedTaskList                0x20000070   Data           4  tasks.o(.data)
    .data                                    0x20000074   Section       32  heap_4.o(.data)
    pxEnd                                    0x20000074   Data           4  heap_4.o(.data)
    xFreeBytesRemaining                      0x20000078   Data           4  heap_4.o(.data)
    xMinimumEverFreeBytesRemaining           0x2000007c   Data           4  heap_4.o(.data)
    xNumberOfSuccessfulAllocations           0x20000080   Data           4  heap_4.o(.data)
    xNumberOfSuccessfulFrees                 0x20000084   Data           4  heap_4.o(.data)
    xBlockAllocatedBit                       0x20000088   Data           4  heap_4.o(.data)
    xStart                                   0x2000008c   Data           8  heap_4.o(.data)
    .data                                    0x20000094   Section       24  port.o(.data)
    ucMaxSysCallPriority                     0x20000094   Data           1  port.o(.data)
    uxCriticalNesting                        0x20000098   Data           4  port.o(.data)
    ulTimerCountsForOneTick                  0x2000009c   Data           4  port.o(.data)
    xMaximumPossibleSuppressedTicks          0x200000a0   Data           4  port.o(.data)
    ulStoppedTimerCompensation               0x200000a4   Data           4  port.o(.data)
    ulMaxPRIGROUPValue                       0x200000a8   Data           4  port.o(.data)
    .bss                                     0x200000ac   Section     1024  oled.o(.bss)
    .bss                                     0x200004ac   Section      256  mqtt.o(.bss)
    .bss                                     0x200005ac   Section       24  main.o(.bss)
    .bss                                     0x200005c4   Section      596  freertos.o(.bss)
    xIdleTaskTCB                             0x200005c4   Data          84  freertos.o(.bss)
    uxIdleTaskStack                          0x20000618   Data         512  freertos.o(.bss)
    .bss                                     0x20000818   Section       40  can.o(.bss)
    .bss                                     0x20000840   Section       84  i2c.o(.bss)
    .bss                                     0x20000894   Section       72  tim.o(.bss)
    .bss                                     0x200008dc   Section      144  usart.o(.bss)
    .bss                                     0x2000096c   Section       72  stm32f1xx_hal_timebase_tim.o(.bss)
    .bss                                     0x200009b4   Section      240  tasks.o(.bss)
    pxReadyTasksLists                        0x200009b4   Data         140  tasks.o(.bss)
    xDelayedTaskList1                        0x20000a40   Data          20  tasks.o(.bss)
    xDelayedTaskList2                        0x20000a54   Data          20  tasks.o(.bss)
    xPendingReadyList                        0x20000a68   Data          20  tasks.o(.bss)
    xTasksWaitingTermination                 0x20000a7c   Data          20  tasks.o(.bss)
    xSuspendedTaskList                       0x20000a90   Data          20  tasks.o(.bss)
    .bss                                     0x20000aa4   Section     8192  heap_4.o(.bss)
    ucHeap                                   0x20000aa4   Data        8192  heap_4.o(.bss)
    .bss                                     0x20002aa4   Section       96  libspace.o(.bss)
    HEAP                                     0x20002b08   Section      512  startup_stm32f103xb.o(HEAP)
    Heap_Mem                                 0x20002b08   Data         512  startup_stm32f103xb.o(HEAP)
    STACK                                    0x20002d08   Section     1024  startup_stm32f103xb.o(STACK)
    Stack_Mem                                0x20002d08   Data        1024  startup_stm32f103xb.o(STACK)
    __initial_sp                             0x20003108   Data           0  startup_stm32f103xb.o(STACK)

    Global Symbols

    Symbol Name                              Value     Ov Type        Size  Object(Section)

    BuildAttributes$$THM_ISAv4$P$D$K$B$S$PE$A:L22UL41UL21$X:L11$S22US41US21$IEEE1$IW$USESV6$~STKCKD$USESV7$~SHL$OTIME$ROPI$IEEEX$EBA8$UX$STANDARDLIB$REQ8$PRES8$EABIv2 0x00000000   Number         0  anon$$obj.o ABSOLUTE
    __ARM_use_no_argv                        0x00000000   Number         0  main.o ABSOLUTE
    _printf_flags                            0x00000000   Number         0  printf_stubs.o ABSOLUTE
    _printf_return_value                     0x00000000   Number         0  printf_stubs.o ABSOLUTE
    _printf_sizespec                         0x00000000   Number         0  printf_stubs.o ABSOLUTE
    _printf_widthprec                        0x00000000   Number         0  printf_stubs.o ABSOLUTE
    __ARM_exceptions_init                     - Undefined Weak Reference
    __alloca_initialize                       - Undefined Weak Reference
    __arm_fini_                               - Undefined Weak Reference
    __arm_preinit_                            - Undefined Weak Reference
    __cpp_initialize__aeabi_                  - Undefined Weak Reference
    __cxa_finalize                            - Undefined Weak Reference
    __sigvec_lookup                           - Undefined Weak Reference
    _atexit_init                              - Undefined Weak Reference
    _call_atexit_fns                          - Undefined Weak Reference
    _clock_init                               - Undefined Weak Reference
    _fp_trap_init                             - Undefined Weak Reference
    _fp_trap_shutdown                         - Undefined Weak Reference
    _get_lc_collate                           - Undefined Weak Reference
    _get_lc_monetary                          - Undefined Weak Reference
    _get_lc_time                              - Undefined Weak Reference
    _getenv_init                              - Undefined Weak Reference
    _handle_redirection                       - Undefined Weak Reference
    _init_alloc                               - Undefined Weak Reference
    _init_user_alloc                          - Undefined Weak Reference
    _initio                                   - Undefined Weak Reference
    _printf_mbtowc                            - Undefined Weak Reference
    _printf_wc                                - Undefined Weak Reference
    _rand_init                                - Undefined Weak Reference
    _signal_finish                            - Undefined Weak Reference
    _signal_init                              - Undefined Weak Reference
    _terminate_alloc                          - Undefined Weak Reference
    _terminate_user_alloc                     - Undefined Weak Reference
    _terminateio                              - Undefined Weak Reference
    __Vectors_Size                           0x000000ec   Number         0  startup_stm32f103xb.o ABSOLUTE
    __Vectors                                0x08000000   Data           4  startup_stm32f103xb.o(RESET)
    __Vectors_End                            0x080000ec   Data           0  startup_stm32f103xb.o(RESET)
    __main                                   0x080000ed   Thumb Code     8  __main.o(!!!main)
    __scatterload                            0x080000f5   Thumb Code     0  __scatter.o(!!!scatter)
    __scatterload_rt2                        0x080000f5   Thumb Code    44  __scatter.o(!!!scatter)
    __scatterload_rt2_thumb_only             0x080000f5   Thumb Code     0  __scatter.o(!!!scatter)
    __scatterload_null                       0x08000103   Thumb Code     0  __scatter.o(!!!scatter)
    __scatterload_copy                       0x08000129   Thumb Code    26  __scatter_copy.o(!!handler_copy)
    __scatterload_zeroinit                   0x08000145   Thumb Code    28  __scatter_zi.o(!!handler_zi)
    _printf_f                                0x08000161   Thumb Code     0  _printf_f.o(.ARM.Collect$$_printf_percent$$00000003)
    _printf_percent                          0x08000161   Thumb Code     0  _printf_percent.o(.ARM.Collect$$_printf_percent$$00000000)
    _printf_s                                0x08000167   Thumb Code     0  _printf_s.o(.ARM.Collect$$_printf_percent$$00000014)
    _printf_percent_end                      0x0800016d   Thumb Code     0  _printf_percent_end.o(.ARM.Collect$$_printf_percent$$00000017)
    __rt_lib_init                            0x08000171   Thumb Code     0  libinit.o(.ARM.Collect$$libinit$$00000000)
    __rt_lib_init_fp_1                       0x08000173   Thumb Code     0  libinit2.o(.ARM.Collect$$libinit$$00000002)
    __rt_lib_init_heap_1                     0x08000173   Thumb Code     0  libinit2.o(.ARM.Collect$$libinit$$0000000A)
    __rt_lib_init_lc_common                  0x08000173   Thumb Code     0  libinit2.o(.ARM.Collect$$libinit$$0000000F)
    __rt_lib_init_preinit_1                  0x08000173   Thumb Code     0  libinit2.o(.ARM.Collect$$libinit$$00000004)
    __rt_lib_init_rand_1                     0x08000173   Thumb Code     0  libinit2.o(.ARM.Collect$$libinit$$0000000E)
    __rt_lib_init_user_alloc_1               0x08000173   Thumb Code     0  libinit2.o(.ARM.Collect$$libinit$$0000000C)
    __rt_lib_init_lc_collate_1               0x08000179   Thumb Code     0  libinit2.o(.ARM.Collect$$libinit$$00000011)
    __rt_lib_init_lc_ctype_1                 0x08000179   Thumb Code     0  libinit2.o(.ARM.Collect$$libinit$$00000013)
    __rt_lib_init_lc_monetary_1              0x08000179   Thumb Code     0  libinit2.o(.ARM.Collect$$libinit$$00000015)
    __rt_lib_init_lc_numeric_2               0x08000179   Thumb Code     0  libinit2.o(.ARM.Collect$$libinit$$00000016)
    __rt_lib_init_alloca_1                   0x08000183   Thumb Code     0  libinit2.o(.ARM.Collect$$libinit$$0000002E)
    __rt_lib_init_argv_1                     0x08000183   Thumb Code     0  libinit2.o(.ARM.Collect$$libinit$$0000002C)
    __rt_lib_init_atexit_1                   0x08000183   Thumb Code     0  libinit2.o(.ARM.Collect$$libinit$$0000001B)
    __rt_lib_init_clock_1                    0x08000183   Thumb Code     0  libinit2.o(.ARM.Collect$$libinit$$00000021)
    __rt_lib_init_cpp_1                      0x08000183   Thumb Code     0  libinit2.o(.ARM.Collect$$libinit$$00000032)
    __rt_lib_init_exceptions_1               0x08000183   Thumb Code     0  libinit2.o(.ARM.Collect$$libinit$$00000030)
    __rt_lib_init_fp_trap_1                  0x08000183   Thumb Code     0  libinit2.o(.ARM.Collect$$libinit$$0000001F)
    __rt_lib_init_getenv_1                   0x08000183   Thumb Code     0  libinit2.o(.ARM.Collect$$libinit$$00000023)
    __rt_lib_init_lc_numeric_1               0x08000183   Thumb Code     0  libinit2.o(.ARM.Collect$$libinit$$00000017)
    __rt_lib_init_lc_time_1                  0x08000183   Thumb Code     0  libinit2.o(.ARM.Collect$$libinit$$00000019)
    __rt_lib_init_return                     0x08000183   Thumb Code     0  libinit2.o(.ARM.Collect$$libinit$$00000033)
    __rt_lib_init_signal_1                   0x08000183   Thumb Code     0  libinit2.o(.ARM.Collect$$libinit$$0000001D)
    __rt_lib_init_stdio_1                    0x08000183   Thumb Code     0  libinit2.o(.ARM.Collect$$libinit$$00000025)
    __rt_lib_shutdown                        0x08000185   Thumb Code     0  libshutdown.o(.ARM.Collect$$libshutdown$$00000000)
    __rt_lib_shutdown_cpp_1                  0x08000187   Thumb Code     0  libshutdown2.o(.ARM.Collect$$libshutdown$$00000004)
    __rt_lib_shutdown_fini_1                 0x08000187   Thumb Code     0  libshutdown2.o(.ARM.Collect$$libshutdown$$00000002)
    __rt_lib_shutdown_fp_trap_1              0x08000187   Thumb Code     0  libshutdown2.o(.ARM.Collect$$libshutdown$$00000009)
    __rt_lib_shutdown_heap_1                 0x08000187   Thumb Code     0  libshutdown2.o(.ARM.Collect$$libshutdown$$00000011)
    __rt_lib_shutdown_return                 0x08000187   Thumb Code     0  libshutdown2.o(.ARM.Collect$$libshutdown$$00000012)
    __rt_lib_shutdown_signal_1               0x08000187   Thumb Code     0  libshutdown2.o(.ARM.Collect$$libshutdown$$0000000C)
    __rt_lib_shutdown_stdio_1                0x08000187   Thumb Code     0  libshutdown2.o(.ARM.Collect$$libshutdown$$00000006)
    __rt_lib_shutdown_user_alloc_1           0x08000187   Thumb Code     0  libshutdown2.o(.ARM.Collect$$libshutdown$$0000000E)
    __rt_entry                               0x08000189   Thumb Code     0  __rtentry.o(.ARM.Collect$$rtentry$$00000000)
    __rt_entry_presh_1                       0x08000189   Thumb Code     0  __rtentry2.o(.ARM.Collect$$rtentry$$00000002)
    __rt_entry_sh                            0x08000189   Thumb Code     0  __rtentry4.o(.ARM.Collect$$rtentry$$00000004)
    __rt_entry_li                            0x0800018f   Thumb Code     0  __rtentry2.o(.ARM.Collect$$rtentry$$0000000A)
    __rt_entry_postsh_1                      0x0800018f   Thumb Code     0  __rtentry2.o(.ARM.Collect$$rtentry$$00000009)
    __rt_entry_main                          0x08000193   Thumb Code     0  __rtentry2.o(.ARM.Collect$$rtentry$$0000000D)
    __rt_entry_postli_1                      0x08000193   Thumb Code     0  __rtentry2.o(.ARM.Collect$$rtentry$$0000000C)
    __rt_exit                                0x0800019b   Thumb Code     0  rtexit.o(.ARM.Collect$$rtexit$$00000000)
    __rt_exit_ls                             0x0800019d   Thumb Code     0  rtexit2.o(.ARM.Collect$$rtexit$$00000003)
    __rt_exit_prels_1                        0x0800019d   Thumb Code     0  rtexit2.o(.ARM.Collect$$rtexit$$00000002)
    __rt_exit_exit                           0x080001a1   Thumb Code     0  rtexit2.o(.ARM.Collect$$rtexit$$00000004)
    SVC_Handler                              0x080001a9   Thumb Code    32  port.o(.emb_text)
    __asm___6_port_c_39a90d8d__prvStartFirstTask 0x080001cd   Thumb Code    28  port.o(.emb_text)
    PendSV_Handler                           0x080001ed   Thumb Code    72  port.o(.emb_text)
    vPortGetIPSR                             0x08000239   Thumb Code     6  port.o(.emb_text)
    Reset_Handler                            0x08000241   Thumb Code     8  startup_stm32f103xb.o(.text)
    ADC1_2_IRQHandler                        0x0800025b   Thumb Code     0  startup_stm32f103xb.o(.text)
    CAN1_RX1_IRQHandler                      0x0800025b   Thumb Code     0  startup_stm32f103xb.o(.text)
    CAN1_SCE_IRQHandler                      0x0800025b   Thumb Code     0  startup_stm32f103xb.o(.text)
    DMA1_Channel1_IRQHandler                 0x0800025b   Thumb Code     0  startup_stm32f103xb.o(.text)
    DMA1_Channel2_IRQHandler                 0x0800025b   Thumb Code     0  startup_stm32f103xb.o(.text)
    DMA1_Channel3_IRQHandler                 0x0800025b   Thumb Code     0  startup_stm32f103xb.o(.text)
    DMA1_Channel4_IRQHandler                 0x0800025b   Thumb Code     0  startup_stm32f103xb.o(.text)
    DMA1_Channel5_IRQHandler                 0x0800025b   Thumb Code     0  startup_stm32f103xb.o(.text)
    DMA1_Channel6_IRQHandler                 0x0800025b   Thumb Code     0  startup_stm32f103xb.o(.text)
    DMA1_Channel7_IRQHandler                 0x0800025b   Thumb Code     0  startup_stm32f103xb.o(.text)
    EXTI0_IRQHandler                         0x0800025b   Thumb Code     0  startup_stm32f103xb.o(.text)
    EXTI15_10_IRQHandler                     0x0800025b   Thumb Code     0  startup_stm32f103xb.o(.text)
    EXTI1_IRQHandler                         0x0800025b   Thumb Code     0  startup_stm32f103xb.o(.text)
    EXTI2_IRQHandler                         0x0800025b   Thumb Code     0  startup_stm32f103xb.o(.text)
    EXTI3_IRQHandler                         0x0800025b   Thumb Code     0  startup_stm32f103xb.o(.text)
    EXTI4_IRQHandler                         0x0800025b   Thumb Code     0  startup_stm32f103xb.o(.text)
    EXTI9_5_IRQHandler                       0x0800025b   Thumb Code     0  startup_stm32f103xb.o(.text)
    FLASH_IRQHandler                         0x0800025b   Thumb Code     0  startup_stm32f103xb.o(.text)
    I2C1_ER_IRQHandler                       0x0800025b   Thumb Code     0  startup_stm32f103xb.o(.text)
    I2C1_EV_IRQHandler                       0x0800025b   Thumb Code     0  startup_stm32f103xb.o(.text)
    I2C2_ER_IRQHandler                       0x0800025b   Thumb Code     0  startup_stm32f103xb.o(.text)
    I2C2_EV_IRQHandler                       0x0800025b   Thumb Code     0  startup_stm32f103xb.o(.text)
    PVD_IRQHandler                           0x0800025b   Thumb Code     0  startup_stm32f103xb.o(.text)
    RCC_IRQHandler                           0x0800025b   Thumb Code     0  startup_stm32f103xb.o(.text)
    RTC_Alarm_IRQHandler                     0x0800025b   Thumb Code     0  startup_stm32f103xb.o(.text)
    RTC_IRQHandler                           0x0800025b   Thumb Code     0  startup_stm32f103xb.o(.text)
    SPI1_IRQHandler                          0x0800025b   Thumb Code     0  startup_stm32f103xb.o(.text)
    SPI2_IRQHandler                          0x0800025b   Thumb Code     0  startup_stm32f103xb.o(.text)
    TAMPER_IRQHandler                        0x0800025b   Thumb Code     0  startup_stm32f103xb.o(.text)
    TIM1_BRK_IRQHandler                      0x0800025b   Thumb Code     0  startup_stm32f103xb.o(.text)
    TIM1_CC_IRQHandler                       0x0800025b   Thumb Code     0  startup_stm32f103xb.o(.text)
    TIM1_TRG_COM_IRQHandler                  0x0800025b   Thumb Code     0  startup_stm32f103xb.o(.text)
    TIM1_UP_IRQHandler                       0x0800025b   Thumb Code     0  startup_stm32f103xb.o(.text)
    TIM2_IRQHandler                          0x0800025b   Thumb Code     0  startup_stm32f103xb.o(.text)
    TIM3_IRQHandler                          0x0800025b   Thumb Code     0  startup_stm32f103xb.o(.text)
    USART1_IRQHandler                        0x0800025b   Thumb Code     0  startup_stm32f103xb.o(.text)
    USART3_IRQHandler                        0x0800025b   Thumb Code     0  startup_stm32f103xb.o(.text)
    USBWakeUp_IRQHandler                     0x0800025b   Thumb Code     0  startup_stm32f103xb.o(.text)
    USB_HP_CAN1_TX_IRQHandler                0x0800025b   Thumb Code     0  startup_stm32f103xb.o(.text)
    WWDG_IRQHandler                          0x0800025b   Thumb Code     0  startup_stm32f103xb.o(.text)
    __user_initial_stackheap                 0x0800025d   Thumb Code     0  startup_stm32f103xb.o(.text)
    __2sprintf                               0x08000281   Thumb Code    38  __2sprintf.o(.text)
    _printf_str                              0x080002ad   Thumb Code    82  _printf_str.o(.text)
    __printf                                 0x08000301   Thumb Code   388  __printf_flags_ss_wp.o(.text)
    strstr                                   0x08000489   Thumb Code    36  strstr.o(.text)
    strlen                                   0x080004ad   Thumb Code    62  strlen.o(.text)
    __aeabi_memcpy4                          0x080004eb   Thumb Code     0  rt_memcpy_w.o(.text)
    __aeabi_memcpy8                          0x080004eb   Thumb Code     0  rt_memcpy_w.o(.text)
    __rt_memcpy_w                            0x080004eb   Thumb Code   100  rt_memcpy_w.o(.text)
    _memcpy_lastbytes_aligned                0x08000533   Thumb Code     0  rt_memcpy_w.o(.text)
    __aeabi_memclr                           0x0800054f   Thumb Code     0  rt_memclr.o(.text)
    __rt_memclr                              0x0800054f   Thumb Code    68  rt_memclr.o(.text)
    _memset                                  0x08000553   Thumb Code     0  rt_memclr.o(.text)
    __aeabi_memclr4                          0x08000593   Thumb Code     0  rt_memclr_w.o(.text)
    __aeabi_memclr8                          0x08000593   Thumb Code     0  rt_memclr_w.o(.text)
    __rt_memclr_w                            0x08000593   Thumb Code    78  rt_memclr_w.o(.text)
    _memset_w                                0x08000597   Thumb Code     0  rt_memclr_w.o(.text)
    strcmp                                   0x080005e1   Thumb Code   128  strcmpv7m.o(.text)
    __use_two_region_memory                  0x08000661   Thumb Code     2  heapauxi.o(.text)
    __rt_heap_escrow$2region                 0x08000663   Thumb Code     2  heapauxi.o(.text)
    __rt_heap_expand$2region                 0x08000665   Thumb Code     2  heapauxi.o(.text)
    __lib_sel_fp_printf                      0x08000667   Thumb Code     2  _printf_fp_dec.o(.text)
    _printf_fp_dec_real                      0x08000819   Thumb Code   620  _printf_fp_dec.o(.text)
    _printf_char_common                      0x08000a8f   Thumb Code    32  _printf_char_common.o(.text)
    _sputc                                   0x08000ab5   Thumb Code    10  _sputc.o(.text)
    _printf_cs_common                        0x08000abf   Thumb Code    20  _printf_char.o(.text)
    _printf_char                             0x08000ad3   Thumb Code    16  _printf_char.o(.text)
    _printf_string                           0x08000ae3   Thumb Code     8  _printf_char.o(.text)
    __rt_locale                              0x08000aed   Thumb Code     8  rt_locale_intlibspace.o(.text)
    _ll_udiv10                               0x08000af5   Thumb Code   138  lludiv10.o(.text)
    _printf_fp_infnan                        0x08000b81   Thumb Code   112  _printf_fp_infnan.o(.text)
    _btod_etento                             0x08000c01   Thumb Code   224  bigflt0.o(.text)
    __user_libspace                          0x08000ce5   Thumb Code     8  libspace.o(.text)
    __user_perproc_libspace                  0x08000ce5   Thumb Code     0  libspace.o(.text)
    __user_perthread_libspace                0x08000ce5   Thumb Code     0  libspace.o(.text)
    __user_setup_stackheap                   0x08000ced   Thumb Code    74  sys_stackheap_outer.o(.text)
    exit                                     0x08000d37   Thumb Code    18  exit.o(.text)
    _sys_exit                                0x08000d49   Thumb Code     8  sys_exit.o(.text)
    __I$use$semihosting                      0x08000d55   Thumb Code     0  use_no_semi.o(.text)
    __use_no_semihosting_swi                 0x08000d55   Thumb Code     2  use_no_semi.o(.text)
    __semihosting_library_function           0x08000d57   Thumb Code     0  indicate_semi.o(.text)
    _btod_d2e                                0x08000d57   Thumb Code    62  btod.o(CL$$btod_d2e)
    _d2e_denorm_low                          0x08000d95   Thumb Code    70  btod.o(CL$$btod_d2e_denorm_low)
    _d2e_norm_op1                            0x08000ddb   Thumb Code    96  btod.o(CL$$btod_d2e_norm_op1)
    __btod_div_common                        0x08000e3b   Thumb Code   696  btod.o(CL$$btod_div_common)
    _e2e                                     0x08001173   Thumb Code   220  btod.o(CL$$btod_e2e)
    _btod_ediv                               0x0800124f   Thumb Code    42  btod.o(CL$$btod_ediv)
    _btod_emul                               0x08001279   Thumb Code    42  btod.o(CL$$btod_emul)
    __btod_mult_common                       0x080012a3   Thumb Code   580  btod.o(CL$$btod_mult_common)
    BusFault_Handler                         0x080014e7   Thumb Code     2  stm32f1xx_it.o(i.BusFault_Handler)
    DebugMon_Handler                         0x080014e9   Thumb Code     2  stm32f1xx_it.o(i.DebugMon_Handler)
    ESP8266_Init                             0x080014ed   Thumb Code   114  mqtt.o(i.ESP8266_Init)
    ESP_Send_Raw                             0x08001625   Thumb Code    40  mqtt.o(i.ESP_Send_Raw)
    Error_Handler                            0x08001651   Thumb Code     4  main.o(i.Error_Handler)
    HAL_CAN_AddTxMessage                     0x08001655   Thumb Code   208  stm32f1xx_hal_can.o(i.HAL_CAN_AddTxMessage)
    HAL_CAN_ErrorCallback                    0x08001725   Thumb Code     2  stm32f1xx_hal_can.o(i.HAL_CAN_ErrorCallback)
    HAL_CAN_GetTxMailboxesFreeLevel          0x08001727   Thumb Code    44  stm32f1xx_hal_can.o(i.HAL_CAN_GetTxMailboxesFreeLevel)
    HAL_CAN_IRQHandler                       0x08001753   Thumb Code   508  stm32f1xx_hal_can.o(i.HAL_CAN_IRQHandler)
    HAL_CAN_Init                             0x0800194f   Thumb Code   282  stm32f1xx_hal_can.o(i.HAL_CAN_Init)
    HAL_CAN_MspInit                          0x08001a69   Thumb Code   112  can.o(i.HAL_CAN_MspInit)
    HAL_CAN_RxFifo0FullCallback              0x08001ae5   Thumb Code     2  stm32f1xx_hal_can.o(i.HAL_CAN_RxFifo0FullCallback)
    HAL_CAN_RxFifo0MsgPendingCallback        0x08001ae7   Thumb Code     2  stm32f1xx_hal_can.o(i.HAL_CAN_RxFifo0MsgPendingCallback)
    HAL_CAN_RxFifo1FullCallback              0x08001ae9   Thumb Code     2  stm32f1xx_hal_can.o(i.HAL_CAN_RxFifo1FullCallback)
    HAL_CAN_RxFifo1MsgPendingCallback        0x08001aeb   Thumb Code     2  stm32f1xx_hal_can.o(i.HAL_CAN_RxFifo1MsgPendingCallback)
    HAL_CAN_SleepCallback                    0x08001aed   Thumb Code     2  stm32f1xx_hal_can.o(i.HAL_CAN_SleepCallback)
    HAL_CAN_Start                            0x08001af1   Thumb Code    88  stm32f1xx_hal_can.o(i.HAL_CAN_Start)
    HAL_CAN_TxMailbox0AbortCallback          0x08001b49   Thumb Code     2  stm32f1xx_hal_can.o(i.HAL_CAN_TxMailbox0AbortCallback)
    HAL_CAN_TxMailbox0CompleteCallback       0x08001b4b   Thumb Code     2  stm32f1xx_hal_can.o(i.HAL_CAN_TxMailbox0CompleteCallback)
    HAL_CAN_TxMailbox1AbortCallback          0x08001b4d   Thumb Code     2  stm32f1xx_hal_can.o(i.HAL_CAN_TxMailbox1AbortCallback)
    HAL_CAN_TxMailbox1CompleteCallback       0x08001b4f   Thumb Code     2  stm32f1xx_hal_can.o(i.HAL_CAN_TxMailbox1CompleteCallback)
    HAL_CAN_TxMailbox2AbortCallback          0x08001b51   Thumb Code     2  stm32f1xx_hal_can.o(i.HAL_CAN_TxMailbox2AbortCallback)
    HAL_CAN_TxMailbox2CompleteCallback       0x08001b53   Thumb Code     2  stm32f1xx_hal_can.o(i.HAL_CAN_TxMailbox2CompleteCallback)
    HAL_CAN_WakeUpFromRxMsgCallback          0x08001b55   Thumb Code     2  stm32f1xx_hal_can.o(i.HAL_CAN_WakeUpFromRxMsgCallback)
    HAL_DMA_Abort                            0x08001b57   Thumb Code    70  stm32f1xx_hal_dma.o(i.HAL_DMA_Abort)
    HAL_DMA_Abort_IT                         0x08001b9d   Thumb Code   148  stm32f1xx_hal_dma.o(i.HAL_DMA_Abort_IT)
    HAL_Delay                                0x08001c35   Thumb Code    32  stm32f1xx_hal.o(i.HAL_Delay)
    HAL_GPIO_Init                            0x08001c59   Thumb Code   446  stm32f1xx_hal_gpio.o(i.HAL_GPIO_Init)
    HAL_GPIO_WritePin                        0x08001e39   Thumb Code    10  stm32f1xx_hal_gpio.o(i.HAL_GPIO_WritePin)
    HAL_GetTick                              0x08001e45   Thumb Code     6  stm32f1xx_hal.o(i.HAL_GetTick)
    HAL_I2C_Init                             0x08001e51   Thumb Code   376  stm32f1xx_hal_i2c.o(i.HAL_I2C_Init)
    HAL_I2C_Mem_Read                         0x08001fd9   Thumb Code   586  stm32f1xx_hal_i2c.o(i.HAL_I2C_Mem_Read)
    HAL_I2C_Mem_Write                        0x08002235   Thumb Code   294  stm32f1xx_hal_i2c.o(i.HAL_I2C_Mem_Write)
    HAL_I2C_MspInit                          0x08002365   Thumb Code    80  i2c.o(i.HAL_I2C_MspInit)
    HAL_IncTick                              0x080023c1   Thumb Code    12  stm32f1xx_hal.o(i.HAL_IncTick)
    HAL_Init                                 0x080023d1   Thumb Code    32  stm32f1xx_hal.o(i.HAL_Init)
    HAL_InitTick                             0x080023f5   Thumb Code   132  stm32f1xx_hal_timebase_tim.o(i.HAL_InitTick)
    HAL_MspInit                              0x0800248d   Thumb Code    62  stm32f1xx_hal_msp.o(i.HAL_MspInit)
    HAL_NVIC_EnableIRQ                       0x080024d5   Thumb Code    26  stm32f1xx_hal_cortex.o(i.HAL_NVIC_EnableIRQ)
    HAL_NVIC_SetPriority                     0x080024f1   Thumb Code    60  stm32f1xx_hal_cortex.o(i.HAL_NVIC_SetPriority)
    HAL_NVIC_SetPriorityGrouping             0x08002531   Thumb Code    26  stm32f1xx_hal_cortex.o(i.HAL_NVIC_SetPriorityGrouping)
    HAL_RCC_ClockConfig                      0x08002555   Thumb Code   280  stm32f1xx_hal_rcc.o(i.HAL_RCC_ClockConfig)
    HAL_RCC_GetClockConfig                   0x08002681   Thumb Code    54  stm32f1xx_hal_rcc.o(i.HAL_RCC_GetClockConfig)
    HAL_RCC_GetPCLK1Freq                     0x080026c1   Thumb Code    20  stm32f1xx_hal_rcc.o(i.HAL_RCC_GetPCLK1Freq)
    HAL_RCC_GetPCLK2Freq                     0x080026e1   Thumb Code    20  stm32f1xx_hal_rcc.o(i.HAL_RCC_GetPCLK2Freq)
    HAL_RCC_GetSysClockFreq                  0x08002701   Thumb Code    58  stm32f1xx_hal_rcc.o(i.HAL_RCC_GetSysClockFreq)
    HAL_RCC_OscConfig                        0x0800274d   Thumb Code   778  stm32f1xx_hal_rcc.o(i.HAL_RCC_OscConfig)
    HAL_TIMEx_BreakCallback                  0x08002a6d   Thumb Code     2  stm32f1xx_hal_tim_ex.o(i.HAL_TIMEx_BreakCallback)
    HAL_TIMEx_CommutCallback                 0x08002a6f   Thumb Code     2  stm32f1xx_hal_tim_ex.o(i.HAL_TIMEx_CommutCallback)
    HAL_TIMEx_MasterConfigSynchronization    0x08002a71   Thumb Code    92  stm32f1xx_hal_tim_ex.o(i.HAL_TIMEx_MasterConfigSynchronization)
    HAL_TIM_Base_Init                        0x08002ad9   Thumb Code    90  stm32f1xx_hal_tim.o(i.HAL_TIM_Base_Init)
    HAL_TIM_Base_MspInit                     0x08002b33   Thumb Code     2  stm32f1xx_hal_tim.o(i.HAL_TIM_Base_MspInit)
    HAL_TIM_Base_Start_IT                    0x08002b35   Thumb Code    76  stm32f1xx_hal_tim.o(i.HAL_TIM_Base_Start_IT)
    HAL_TIM_IC_CaptureCallback               0x08002b8d   Thumb Code     2  stm32f1xx_hal_tim.o(i.HAL_TIM_IC_CaptureCallback)
    HAL_TIM_IRQHandler                       0x08002b8f   Thumb Code   304  stm32f1xx_hal_tim.o(i.HAL_TIM_IRQHandler)
    HAL_TIM_MspPostInit                      0x08002cc1   Thumb Code    62  tim.o(i.HAL_TIM_MspPostInit)
    HAL_TIM_OC_DelayElapsedCallback          0x08002d0d   Thumb Code     2  stm32f1xx_hal_tim.o(i.HAL_TIM_OC_DelayElapsedCallback)
    HAL_TIM_PWM_ConfigChannel                0x08002d0f   Thumb Code   204  stm32f1xx_hal_tim.o(i.HAL_TIM_PWM_ConfigChannel)
    HAL_TIM_PWM_Init                         0x08002ddb   Thumb Code    90  stm32f1xx_hal_tim.o(i.HAL_TIM_PWM_Init)
    HAL_TIM_PWM_MspInit                      0x08002e35   Thumb Code    30  tim.o(i.HAL_TIM_PWM_MspInit)
    HAL_TIM_PWM_PulseFinishedCallback        0x08002e5d   Thumb Code     2  stm32f1xx_hal_tim.o(i.HAL_TIM_PWM_PulseFinishedCallback)
    HAL_TIM_PeriodElapsedCallback            0x08002e61   Thumb Code    14  main.o(i.HAL_TIM_PeriodElapsedCallback)
    HAL_TIM_TriggerCallback                  0x08002e75   Thumb Code     2  stm32f1xx_hal_tim.o(i.HAL_TIM_TriggerCallback)
    HAL_UARTEx_RxEventCallback               0x08002e77   Thumb Code     2  stm32f1xx_hal_uart.o(i.HAL_UARTEx_RxEventCallback)
    HAL_UART_ErrorCallback                   0x08002e79   Thumb Code     2  stm32f1xx_hal_uart.o(i.HAL_UART_ErrorCallback)
    HAL_UART_IRQHandler                      0x08002e7d   Thumb Code   616  stm32f1xx_hal_uart.o(i.HAL_UART_IRQHandler)
    HAL_UART_Init                            0x080030e9   Thumb Code   100  stm32f1xx_hal_uart.o(i.HAL_UART_Init)
    HAL_UART_MspInit                         0x0800314d   Thumb Code   186  usart.o(i.HAL_UART_MspInit)
    HAL_UART_Receive_IT                      0x08003219   Thumb Code    28  stm32f1xx_hal_uart.o(i.HAL_UART_Receive_IT)
    HAL_UART_RxCpltCallback                  0x08003235   Thumb Code   124  mqtt.o(i.HAL_UART_RxCpltCallback)
    HAL_UART_Transmit                        0x080032c1   Thumb Code   160  stm32f1xx_hal_uart.o(i.HAL_UART_Transmit)
    HAL_UART_TxCpltCallback                  0x08003361   Thumb Code     2  stm32f1xx_hal_uart.o(i.HAL_UART_TxCpltCallback)
    HardFault_Handler                        0x08003363   Thumb Code     2  stm32f1xx_it.o(i.HardFault_Handler)
    INA219_Calibration                       0x080037a5   Thumb Code    32  ina219.o(i.INA219_Calibration)
    INA219_Configuration                     0x080037cd   Thumb Code    32  ina219.o(i.INA219_Configuration)
    INA219_GetCurrent                        0x080037f5   Thumb Code    48  ina219.o(i.INA219_GetCurrent)
    INA219_GetVoltage                        0x0800382d   Thumb Code    48  ina219.o(i.INA219_GetVoltage)
    INA219_Init                              0x08003865   Thumb Code    20  ina219.o(i.INA219_Init)
    MQTT_Publish_Data                        0x08003879   Thumb Code   102  mqtt.o(i.MQTT_Publish_Data)
    MQTT_Receive_Analysis                    0x08003931   Thumb Code    76  mqtt.o(i.MQTT_Receive_Analysis)
    MX_CAN_Init                              0x08003999   Thumb Code    58  can.o(i.MX_CAN_Init)
    MX_FREERTOS_Init                         0x080039dd   Thumb Code    52  freertos.o(i.MX_FREERTOS_Init)
    MX_GPIO_Init                             0x08003a19   Thumb Code   204  gpio.o(i.MX_GPIO_Init)
    MX_I2C1_Init                             0x08003af5   Thumb Code    50  i2c.o(i.MX_I2C1_Init)
    MX_TIM3_Init                             0x08003b35   Thumb Code   102  tim.o(i.MX_TIM3_Init)
    MX_USART1_UART_Init                      0x08003ba5   Thumb Code    48  usart.o(i.MX_USART1_UART_Init)
    MX_USART2_UART_Init                      0x08003bdd   Thumb Code    48  usart.o(i.MX_USART2_UART_Init)
    MemManage_Handler                        0x08003c15   Thumb Code     2  stm32f1xx_it.o(i.MemManage_Handler)
    NMI_Handler                              0x08003c17   Thumb Code     2  stm32f1xx_it.o(i.NMI_Handler)
    OLED_Clear                               0x08003c19   Thumb Code    34  oled.o(i.OLED_Clear)
    OLED_ClearArea                           0x08003c41   Thumb Code    94  oled.o(i.OLED_ClearArea)
    OLED_GPIO_Init                           0x08003ca5   Thumb Code    18  oled.o(i.OLED_GPIO_Init)
    OLED_I2C_SendByte                        0x08003cb7   Thumb Code    58  oled.o(i.OLED_I2C_SendByte)
    OLED_I2C_Start                           0x08003cf1   Thumb Code    30  oled.o(i.OLED_I2C_Start)
    OLED_I2C_Stop                            0x08003d0f   Thumb Code    24  oled.o(i.OLED_I2C_Stop)
    OLED_Init                                0x08003d27   Thumb Code   148  oled.o(i.OLED_Init)
    OLED_SetCursor                           0x08003dbb   Thumb Code    34  oled.o(i.OLED_SetCursor)
    OLED_ShowChar                            0x08003ddd   Thumb Code    78  oled.o(i.OLED_ShowChar)
    OLED_ShowImage                           0x08003e39   Thumb Code   170  oled.o(i.OLED_ShowImage)
    OLED_ShowString                          0x08003ee9   Thumb Code    44  oled.o(i.OLED_ShowString)
    OLED_Update                              0x08003f15   Thumb Code    34  oled.o(i.OLED_Update)
    OLED_W_SCL                               0x08003f3d   Thumb Code    12  oled.o(i.OLED_W_SCL)
    OLED_W_SDA                               0x08003f4d   Thumb Code    12  oled.o(i.OLED_W_SDA)
    OLED_WriteCommand                        0x08003f5d   Thumb Code    34  oled.o(i.OLED_WriteCommand)
    OLED_WriteData                           0x08003f7f   Thumb Code    48  oled.o(i.OLED_WriteData)
    PC_Log                                   0x08003fb1   Thumb Code    24  mqtt.o(i.PC_Log)
    StartMQTT_Task                           0x08003fcd   Thumb Code    52  freertos.o(i.StartMQTT_Task)
    StartSensor_Task                         0x08004005   Thumb Code   410  freertos.o(i.StartSensor_Task)
    SysTick_Handler                          0x08004229   Thumb Code    38  port.o(i.SysTick_Handler)
    SystemClock_Config                       0x08004255   Thumb Code    94  main.o(i.SystemClock_Config)
    SystemInit                               0x080042b3   Thumb Code     2  system_stm32f1xx.o(i.SystemInit)
    TIM4_IRQHandler                          0x080042b5   Thumb Code     6  stm32f1xx_it.o(i.TIM4_IRQHandler)
    TIM_Base_SetConfig                       0x080042c1   Thumb Code   108  stm32f1xx_hal_tim.o(i.TIM_Base_SetConfig)
    TIM_OC2_SetConfig                        0x08004389   Thumb Code    84  stm32f1xx_hal_tim.o(i.TIM_OC2_SetConfig)
    UART_Start_Receive_IT                    0x08004655   Thumb Code    54  stm32f1xx_hal_uart.o(i.UART_Start_Receive_IT)
    USART2_IRQHandler                        0x080046fd   Thumb Code     6  stm32f1xx_it.o(i.USART2_IRQHandler)
    USB_LP_CAN1_RX0_IRQHandler               0x08004709   Thumb Code     6  stm32f1xx_it.o(i.USB_LP_CAN1_RX0_IRQHandler)
    UsageFault_Handler                       0x08004715   Thumb Code     2  stm32f1xx_it.o(i.UsageFault_Handler)
    __ARM_fpclassify                         0x08004717   Thumb Code    40  fpclassify.o(i.__ARM_fpclassify)
    _is_digit                                0x0800475f   Thumb Code    14  __printf_wp.o(i._is_digit)
    eTaskConfirmSleepModeStatus              0x0800476d   Thumb Code    38  tasks.o(i.eTaskConfirmSleepModeStatus)
    main                                     0x0800479d   Thumb Code    82  main.o(i.main)
    osDelay                                  0x08004805   Thumb Code    14  cmsis_os.o(i.osDelay)
    osKernelStart                            0x08004813   Thumb Code    10  cmsis_os.o(i.osKernelStart)
    osThreadCreate                           0x0800481d   Thumb Code    84  cmsis_os.o(i.osThreadCreate)
    pvPortMalloc                             0x08004c25   Thumb Code   216  heap_4.o(i.pvPortMalloc)
    pxPortInitialiseStack                    0x08004d01   Thumb Code    32  port.o(i.pxPortInitialiseStack)
    uxListRemove                             0x08004d25   Thumb Code    38  list.o(i.uxListRemove)
    vApplicationGetIdleTaskMemory            0x08004d4d   Thumb Code    16  freertos.o(i.vApplicationGetIdleTaskMemory)
    vApplicationIdleHook                     0x08004d61   Thumb Code    12  freertos.o(i.vApplicationIdleHook)
    vListInitialise                          0x08004d71   Thumb Code    22  list.o(i.vListInitialise)
    vListInitialiseItem                      0x08004d87   Thumb Code     6  list.o(i.vListInitialiseItem)
    vListInsert                              0x08004d8d   Thumb Code    48  list.o(i.vListInsert)
    vListInsertEnd                           0x08004dbd   Thumb Code    24  list.o(i.vListInsertEnd)
    vPortEnterCritical                       0x08004dd5   Thumb Code    54  port.o(i.vPortEnterCritical)
    vPortExitCritical                        0x08004e15   Thumb Code    34  port.o(i.vPortExitCritical)
    vPortFree                                0x08004e3d   Thumb Code    94  heap_4.o(i.vPortFree)
    vPortSetupTimerInterrupt                 0x08004ea1   Thumb Code    64  port.o(i.vPortSetupTimerInterrupt)
    vPortSuppressTicksAndSleep               0x08004ee9   Thumb Code   206  port.o(i.vPortSuppressTicksAndSleep)
    vTaskDelay                               0x08004fbd   Thumb Code    66  tasks.o(i.vTaskDelay)
    vTaskStartScheduler                      0x08005009   Thumb Code    90  tasks.o(i.vTaskStartScheduler)
    vTaskStepTick                            0x08005075   Thumb Code    36  tasks.o(i.vTaskStepTick)
    vTaskSuspendAll                          0x0800509d   Thumb Code    10  tasks.o(i.vTaskSuspendAll)
    vTaskSwitchContext                       0x080050ad   Thumb Code    82  tasks.o(i.vTaskSwitchContext)
    xPortStartScheduler                      0x08005109   Thumb Code   154  port.o(i.xPortStartScheduler)
    xTaskCreate                              0x080051b1   Thumb Code    90  tasks.o(i.xTaskCreate)
    xTaskCreateStatic                        0x0800520b   Thumb Code    86  tasks.o(i.xTaskCreateStatic)
    xTaskIncrementTick                       0x08005261   Thumb Code   194  tasks.o(i.xTaskIncrementTick)
    xTaskResumeAll                           0x0800532d   Thumb Code   182  tasks.o(i.xTaskResumeAll)
    _get_lc_numeric                          0x080053f1   Thumb Code    44  lc_numeric_c.o(locale$$code)
    __fpl_dretinf                            0x0800541d   Thumb Code    12  dretinf.o(x$fpl$dretinf)
    __aeabi_f2d                              0x08005429   Thumb Code     0  f2d.o(x$fpl$f2d)
    _f2d                                     0x08005429   Thumb Code    86  f2d.o(x$fpl$f2d)
    __aeabi_fadd                             0x08005481   Thumb Code     0  faddsub_clz.o(x$fpl$fadd)
    _fadd                                    0x08005481   Thumb Code   196  faddsub_clz.o(x$fpl$fadd)
    __aeabi_f2iz                             0x08005545   Thumb Code     0  ffix.o(x$fpl$ffix)
    _ffix                                    0x08005545   Thumb Code    54  ffix.o(x$fpl$ffix)
    __aeabi_i2f                              0x0800557d   Thumb Code     0  fflt_clz.o(x$fpl$fflt)
    _fflt                                    0x0800557d   Thumb Code    48  fflt_clz.o(x$fpl$fflt)
    __aeabi_ui2f                             0x080055ad   Thumb Code     0  fflt_clz.o(x$fpl$ffltu)
    _ffltu                                   0x080055ad   Thumb Code    38  fflt_clz.o(x$fpl$ffltu)
    __aeabi_fmul                             0x080055d5   Thumb Code     0  fmul.o(x$fpl$fmul)
    _fmul                                    0x080055d5   Thumb Code   258  fmul.o(x$fpl$fmul)
    __fpl_fnaninf                            0x080056d7   Thumb Code   140  fnaninf.o(x$fpl$fnaninf)
    __fpl_fretinf                            0x08005763   Thumb Code    10  fretinf.o(x$fpl$fretinf)
    __aeabi_fsub                             0x0800576d   Thumb Code     0  faddsub_clz.o(x$fpl$fsub)
    _fsub                                    0x0800576d   Thumb Code   234  faddsub_clz.o(x$fpl$fsub)
    _printf_fp_dec                           0x08005857   Thumb Code     4  printf1.o(x$fpl$printf1)
    OLED_F8x16                               0x0800585a   Data        1520  oled_data.o(.constdata)
    __I$use$fp                               0x0800585a   Number         0  usenofp.o(x$fpl$usenofp)
    OLED_F6x8                                0x08005e4a   Data         570  oled_data.o(.constdata)
    OLED_F12x24                              0x08006084   Data        3420  oled_data.o(.constdata)
    AHBPrescTable                            0x08006e2a   Data          16  system_stm32f1xx.o(.constdata)
    APBPrescTable                            0x08006e3a   Data           8  system_stm32f1xx.o(.constdata)
    Region$$Table$$Base                      0x08006f48   Number         0  anon$$obj.o(Region$$Table)
    Region$$Table$$Limit                     0x08006f68   Number         0  anon$$obj.o(Region$$Table)
    rx_byte                                  0x20000000   Data           1  mqtt.o(.data)
    rx_index                                 0x20000002   Data           2  mqtt.o(.data)
    g_Voltage                                0x20000004   Data           4  main.o(.data)
    g_Current                                0x20000008   Data           4  main.o(.data)
    g_WorkMode                               0x2000000c   Data           1  main.o(.data)
    TxData                                   0x2000000d   Data           8  main.o(.data)
    TxMailbox                                0x20000018   Data           4  main.o(.data)
    Sensor_TaskHandle                        0x20000020   Data           4  freertos.o(.data)
    MQTT_TaskHandle                          0x20000024   Data           4  freertos.o(.data)
    uwTickFreq                               0x20000028   Data           1  stm32f1xx_hal.o(.data)
    uwTickPrio                               0x2000002c   Data           4  stm32f1xx_hal.o(.data)
    uwTick                                   0x20000030   Data           4  stm32f1xx_hal.o(.data)
    SystemCoreClock                          0x20000034   Data           4  system_stm32f1xx.o(.data)
    pxCurrentTCB                             0x20000038   Data           4  tasks.o(.data)
    OLED_DisplayBuf                          0x200000ac   Data        1024  oled.o(.bss)
    rx_buffer                                0x200004ac   Data         256  mqtt.o(.bss)
    TxHeader                                 0x200005ac   Data          24  main.o(.bss)
    hcan                                     0x20000818   Data          40  can.o(.bss)
    hi2c1                                    0x20000840   Data          84  i2c.o(.bss)
    htim3                                    0x20000894   Data          72  tim.o(.bss)
    huart1                                   0x200008dc   Data          72  usart.o(.bss)
    huart2                                   0x20000924   Data          72  usart.o(.bss)
    htim4                                    0x2000096c   Data          72  stm32f1xx_hal_timebase_tim.o(.bss)
    __libspace_start                         0x20002aa4   Data          96  libspace.o(.bss)
    __temporary_stack_top$libspace           0x20002b04   Data           0  libspace.o(.bss)



==============================================================================

Memory Map of the image

  Image Entry point : 0x080000ed

  Load Region LR_IROM1 (Base: 0x08000000, Size: 0x00007030, Max: 0x00010000, ABSOLUTE)

    Execution Region ER_IROM1 (Exec base: 0x08000000, Load base: 0x08000000, Size: 0x00006f84, Max: 0x00010000, ABSOLUTE)

    Exec Addr    Load Addr    Size         Type   Attr      Idx    E Section Name        Object

    0x08000000   0x08000000   0x000000ec   Data   RO            3    RESET               startup_stm32f103xb.o
    0x080000ec   0x080000ec   0x00000008   Code   RO         5457  * !!!main             c_w.l(__main.o)
    0x080000f4   0x080000f4   0x00000034   Code   RO         5865    !!!scatter          c_w.l(__scatter.o)
    0x08000128   0x08000128   0x0000001a   Code   RO         5867    !!handler_copy      c_w.l(__scatter_copy.o)
    0x08000142   0x08000142   0x00000002   PAD
    0x08000144   0x08000144   0x0000001c   Code   RO         5869    !!handler_zi        c_w.l(__scatter_zi.o)
    0x08000160   0x08000160   0x00000000   Code   RO         5438    .ARM.Collect$$_printf_percent$$00000000  c_w.l(_printf_percent.o)
    0x08000160   0x08000160   0x00000006   Code   RO         5437    .ARM.Collect$$_printf_percent$$00000003  c_w.l(_printf_f.o)
    0x08000166   0x08000166   0x00000006   Code   RO         5436    .ARM.Collect$$_printf_percent$$00000014  c_w.l(_printf_s.o)
    0x0800016c   0x0800016c   0x00000004   Code   RO         5583    .ARM.Collect$$_printf_percent$$00000017  c_w.l(_printf_percent_end.o)
    0x08000170   0x08000170   0x00000002   Code   RO         5727    .ARM.Collect$$libinit$$00000000  c_w.l(libinit.o)
    0x08000172   0x08000172   0x00000000   Code   RO         5729    .ARM.Collect$$libinit$$00000002  c_w.l(libinit2.o)
    0x08000172   0x08000172   0x00000000   Code   RO         5731    .ARM.Collect$$libinit$$00000004  c_w.l(libinit2.o)
    0x08000172   0x08000172   0x00000000   Code   RO         5734    .ARM.Collect$$libinit$$0000000A  c_w.l(libinit2.o)
    0x08000172   0x08000172   0x00000000   Code   RO         5736    .ARM.Collect$$libinit$$0000000C  c_w.l(libinit2.o)
    0x08000172   0x08000172   0x00000000   Code   RO         5738    .ARM.Collect$$libinit$$0000000E  c_w.l(libinit2.o)
    0x08000172   0x08000172   0x00000006   Code   RO         5739    .ARM.Collect$$libinit$$0000000F  c_w.l(libinit2.o)
    0x08000178   0x08000178   0x00000000   Code   RO         5741    .ARM.Collect$$libinit$$00000011  c_w.l(libinit2.o)
    0x08000178   0x08000178   0x00000000   Code   RO         5743    .ARM.Collect$$libinit$$00000013  c_w.l(libinit2.o)
    0x08000178   0x08000178   0x00000000   Code   RO         5745    .ARM.Collect$$libinit$$00000015  c_w.l(libinit2.o)
    0x08000178   0x08000178   0x0000000a   Code   RO         5746    .ARM.Collect$$libinit$$00000016  c_w.l(libinit2.o)
    0x08000182   0x08000182   0x00000000   Code   RO         5747    .ARM.Collect$$libinit$$00000017  c_w.l(libinit2.o)
    0x08000182   0x08000182   0x00000000   Code   RO         5749    .ARM.Collect$$libinit$$00000019  c_w.l(libinit2.o)
    0x08000182   0x08000182   0x00000000   Code   RO         5751    .ARM.Collect$$libinit$$0000001B  c_w.l(libinit2.o)
    0x08000182   0x08000182   0x00000000   Code   RO         5753    .ARM.Collect$$libinit$$0000001D  c_w.l(libinit2.o)
    0x08000182   0x08000182   0x00000000   Code   RO         5755    .ARM.Collect$$libinit$$0000001F  c_w.l(libinit2.o)
    0x08000182   0x08000182   0x00000000   Code   RO         5757    .ARM.Collect$$libinit$$00000021  c_w.l(libinit2.o)
    0x08000182   0x08000182   0x00000000   Code   RO         5759    .ARM.Collect$$libinit$$00000023  c_w.l(libinit2.o)
    0x08000182   0x08000182   0x00000000   Code   RO         5761    .ARM.Collect$$libinit$$00000025  c_w.l(libinit2.o)
    0x08000182   0x08000182   0x00000000   Code   RO         5765    .ARM.Collect$$libinit$$0000002C  c_w.l(libinit2.o)
    0x08000182   0x08000182   0x00000000   Code   RO         5767    .ARM.Collect$$libinit$$0000002E  c_w.l(libinit2.o)
    0x08000182   0x08000182   0x00000000   Code   RO         5769    .ARM.Collect$$libinit$$00000030  c_w.l(libinit2.o)
    0x08000182   0x08000182   0x00000000   Code   RO         5771    .ARM.Collect$$libinit$$00000032  c_w.l(libinit2.o)
    0x08000182   0x08000182   0x00000002   Code   RO         5772    .ARM.Collect$$libinit$$00000033  c_w.l(libinit2.o)
    0x08000184   0x08000184   0x00000002   Code   RO         5811    .ARM.Collect$$libshutdown$$00000000  c_w.l(libshutdown.o)
    0x08000186   0x08000186   0x00000000   Code   RO         5822    .ARM.Collect$$libshutdown$$00000002  c_w.l(libshutdown2.o)
    0x08000186   0x08000186   0x00000000   Code   RO         5824    .ARM.Collect$$libshutdown$$00000004  c_w.l(libshutdown2.o)
    0x08000186   0x08000186   0x00000000   Code   RO         5826    .ARM.Collect$$libshutdown$$00000006  c_w.l(libshutdown2.o)
    0x08000186   0x08000186   0x00000000   Code   RO         5829    .ARM.Collect$$libshutdown$$00000009  c_w.l(libshutdown2.o)
    0x08000186   0x08000186   0x00000000   Code   RO         5832    .ARM.Collect$$libshutdown$$0000000C  c_w.l(libshutdown2.o)
    0x08000186   0x08000186   0x00000000   Code   RO         5834    .ARM.Collect$$libshutdown$$0000000E  c_w.l(libshutdown2.o)
    0x08000186   0x08000186   0x00000000   Code   RO         5837    .ARM.Collect$$libshutdown$$00000011  c_w.l(libshutdown2.o)
    0x08000186   0x08000186   0x00000002   Code   RO         5838    .ARM.Collect$$libshutdown$$00000012  c_w.l(libshutdown2.o)
    0x08000188   0x08000188   0x00000000   Code   RO         5521    .ARM.Collect$$rtentry$$00000000  c_w.l(__rtentry.o)
    0x08000188   0x08000188   0x00000000   Code   RO         5638    .ARM.Collect$$rtentry$$00000002  c_w.l(__rtentry2.o)
    0x08000188   0x08000188   0x00000006   Code   RO         5650    .ARM.Collect$$rtentry$$00000004  c_w.l(__rtentry4.o)
    0x0800018e   0x0800018e   0x00000000   Code   RO         5640    .ARM.Collect$$rtentry$$00000009  c_w.l(__rtentry2.o)
    0x0800018e   0x0800018e   0x00000004   Code   RO         5641    .ARM.Collect$$rtentry$$0000000A  c_w.l(__rtentry2.o)
    0x08000192   0x08000192   0x00000000   Code   RO         5643    .ARM.Collect$$rtentry$$0000000C  c_w.l(__rtentry2.o)
    0x08000192   0x08000192   0x00000008   Code   RO         5644    .ARM.Collect$$rtentry$$0000000D  c_w.l(__rtentry2.o)
    0x0800019a   0x0800019a   0x00000002   Code   RO         5775    .ARM.Collect$$rtexit$$00000000  c_w.l(rtexit.o)
    0x0800019c   0x0800019c   0x00000000   Code   RO         5787    .ARM.Collect$$rtexit$$00000002  c_w.l(rtexit2.o)
    0x0800019c   0x0800019c   0x00000004   Code   RO         5788    .ARM.Collect$$rtexit$$00000003  c_w.l(rtexit2.o)
    0x080001a0   0x080001a0   0x00000006   Code   RO         5789    .ARM.Collect$$rtexit$$00000004  c_w.l(rtexit2.o)
    0x080001a6   0x080001a6   0x00000002   PAD
    0x080001a8   0x080001a8   0x00000096   Code   RO         5319    .emb_text           port.o
    0x0800023e   0x0800023e   0x00000002   PAD
    0x08000240   0x08000240   0x00000040   Code   RO            4    .text               startup_stm32f103xb.o
    0x08000280   0x08000280   0x0000002c   Code   RO         5408    .text               c_w.l(__2sprintf.o)
    0x080002ac   0x080002ac   0x00000052   Code   RO         5414    .text               c_w.l(_printf_str.o)
    0x080002fe   0x080002fe   0x00000002   PAD
    0x08000300   0x08000300   0x00000188   Code   RO         5433    .text               c_w.l(__printf_flags_ss_wp.o)
    0x08000488   0x08000488   0x00000024   Code   RO         5439    .text               c_w.l(strstr.o)
    0x080004ac   0x080004ac   0x0000003e   Code   RO         5441    .text               c_w.l(strlen.o)
    0x080004ea   0x080004ea   0x00000064   Code   RO         5445    .text               c_w.l(rt_memcpy_w.o)
    0x0800054e   0x0800054e   0x00000044   Code   RO         5449    .text               c_w.l(rt_memclr.o)
    0x08000592   0x08000592   0x0000004e   Code   RO         5451    .text               c_w.l(rt_memclr_w.o)
    0x080005e0   0x080005e0   0x00000080   Code   RO         5453    .text               c_w.l(strcmpv7m.o)
    0x08000660   0x08000660   0x00000006   Code   RO         5455    .text               c_w.l(heapauxi.o)
    0x08000666   0x08000666   0x0000041e   Code   RO         5532    .text               c_w.l(_printf_fp_dec.o)
    0x08000a84   0x08000a84   0x00000030   Code   RO         5534    .text               c_w.l(_printf_char_common.o)
    0x08000ab4   0x08000ab4   0x0000000a   Code   RO         5536    .text               c_w.l(_sputc.o)
    0x08000abe   0x08000abe   0x0000002c   Code   RO         5538    .text               c_w.l(_printf_char.o)
    0x08000aea   0x08000aea   0x00000002   PAD
    0x08000aec   0x08000aec   0x00000008   Code   RO         5655    .text               c_w.l(rt_locale_intlibspace.o)
    0x08000af4   0x08000af4   0x0000008a   Code   RO         5662    .text               c_w.l(lludiv10.o)
    0x08000b7e   0x08000b7e   0x00000002   PAD
    0x08000b80   0x08000b80   0x00000080   Code   RO         5669    .text               c_w.l(_printf_fp_infnan.o)
    0x08000c00   0x08000c00   0x000000e4   Code   RO         5675    .text               c_w.l(bigflt0.o)
    0x08000ce4   0x08000ce4   0x00000008   Code   RO         5713    .text               c_w.l(libspace.o)
    0x08000cec   0x08000cec   0x0000004a   Code   RO         5716    .text               c_w.l(sys_stackheap_outer.o)
    0x08000d36   0x08000d36   0x00000012   Code   RO         5720    .text               c_w.l(exit.o)
    0x08000d48   0x08000d48   0x0000000c   Code   RO         5801    .text               c_w.l(sys_exit.o)
    0x08000d54   0x08000d54   0x00000002   Code   RO         5812    .text               c_w.l(use_no_semi.o)
    0x08000d56   0x08000d56   0x00000000   Code   RO         5814    .text               c_w.l(indicate_semi.o)
    0x08000d56   0x08000d56   0x0000003e   Code   RO         5678    CL$$btod_d2e        c_w.l(btod.o)
    0x08000d94   0x08000d94   0x00000046   Code   RO         5680    CL$$btod_d2e_denorm_low  c_w.l(btod.o)
    0x08000dda   0x08000dda   0x00000060   Code   RO         5679    CL$$btod_d2e_norm_op1  c_w.l(btod.o)
    0x08000e3a   0x08000e3a   0x00000338   Code   RO         5688    CL$$btod_div_common  c_w.l(btod.o)
    0x08001172   0x08001172   0x000000dc   Code   RO         5685    CL$$btod_e2e        c_w.l(btod.o)
    0x0800124e   0x0800124e   0x0000002a   Code   RO         5682    CL$$btod_ediv       c_w.l(btod.o)
    0x08001278   0x08001278   0x0000002a   Code   RO         5681    CL$$btod_emul       c_w.l(btod.o)
    0x080012a2   0x080012a2   0x00000244   Code   RO         5687    CL$$btod_mult_common  c_w.l(btod.o)
    0x080014e6   0x080014e6   0x00000002   Code   RO          888    i.BusFault_Handler  stm32f1xx_it.o
    0x080014e8   0x080014e8   0x00000002   Code   RO          889    i.DebugMon_Handler  stm32f1xx_it.o
    0x080014ea   0x080014ea   0x00000002   PAD
    0x080014ec   0x080014ec   0x00000138   Code   RO          359    i.ESP8266_Init      mqtt.o
    0x08001624   0x08001624   0x0000002c   Code   RO          360    i.ESP_Send_Raw      mqtt.o
    0x08001650   0x08001650   0x00000004   Code   RO          515    i.Error_Handler     main.o
    0x08001654   0x08001654   0x000000d0   Code   RO         2038    i.HAL_CAN_AddTxMessage  stm32f1xx_hal_can.o
    0x08001724   0x08001724   0x00000002   Code   RO         2042    i.HAL_CAN_ErrorCallback  stm32f1xx_hal_can.o
    0x08001726   0x08001726   0x0000002c   Code   RO         2047    i.HAL_CAN_GetTxMailboxesFreeLevel  stm32f1xx_hal_can.o
    0x08001752   0x08001752   0x000001fc   Code   RO         2049    i.HAL_CAN_IRQHandler  stm32f1xx_hal_can.o
    0x0800194e   0x0800194e   0x0000011a   Code   RO         2050    i.HAL_CAN_Init      stm32f1xx_hal_can.o
    0x08001a68   0x08001a68   0x0000007c   Code   RO          709    i.HAL_CAN_MspInit   can.o
    0x08001ae4   0x08001ae4   0x00000002   Code   RO         2057    i.HAL_CAN_RxFifo0FullCallback  stm32f1xx_hal_can.o
    0x08001ae6   0x08001ae6   0x00000002   Code   RO         2058    i.HAL_CAN_RxFifo0MsgPendingCallback  stm32f1xx_hal_can.o
    0x08001ae8   0x08001ae8   0x00000002   Code   RO         2059    i.HAL_CAN_RxFifo1FullCallback  stm32f1xx_hal_can.o
    0x08001aea   0x08001aea   0x00000002   Code   RO         2060    i.HAL_CAN_RxFifo1MsgPendingCallback  stm32f1xx_hal_can.o
    0x08001aec   0x08001aec   0x00000002   Code   RO         2061    i.HAL_CAN_SleepCallback  stm32f1xx_hal_can.o
    0x08001aee   0x08001aee   0x00000002   PAD
    0x08001af0   0x08001af0   0x00000058   Code   RO         2062    i.HAL_CAN_Start     stm32f1xx_hal_can.o
    0x08001b48   0x08001b48   0x00000002   Code   RO         2064    i.HAL_CAN_TxMailbox0AbortCallback  stm32f1xx_hal_can.o
    0x08001b4a   0x08001b4a   0x00000002   Code   RO         2065    i.HAL_CAN_TxMailbox0CompleteCallback  stm32f1xx_hal_can.o
    0x08001b4c   0x08001b4c   0x00000002   Code   RO         2066    i.HAL_CAN_TxMailbox1AbortCallback  stm32f1xx_hal_can.o
    0x08001b4e   0x08001b4e   0x00000002   Code   RO         2067    i.HAL_CAN_TxMailbox1CompleteCallback  stm32f1xx_hal_can.o
    0x08001b50   0x08001b50   0x00000002   Code   RO         2068    i.HAL_CAN_TxMailbox2AbortCallback  stm32f1xx_hal_can.o
    0x08001b52   0x08001b52   0x00000002   Code   RO         2069    i.HAL_CAN_TxMailbox2CompleteCallback  stm32f1xx_hal_can.o
    0x08001b54   0x08001b54   0x00000002   Code   RO         2071    i.HAL_CAN_WakeUpFromRxMsgCallback  stm32f1xx_hal_can.o
    0x08001b56   0x08001b56   0x00000046   Code   RO         2651    i.HAL_DMA_Abort     stm32f1xx_hal_dma.o
    0x08001b9c   0x08001b9c   0x00000098   Code   RO         2652    i.HAL_DMA_Abort_IT  stm32f1xx_hal_dma.o
    0x08001c34   0x08001c34   0x00000024   Code   RO         2277    i.HAL_Delay         stm32f1xx_hal.o
    0x08001c58   0x08001c58   0x000001e0   Code   RO         2587    i.HAL_GPIO_Init     stm32f1xx_hal_gpio.o
    0x08001e38   0x08001e38   0x0000000a   Code   RO         2591    i.HAL_GPIO_WritePin  stm32f1xx_hal_gpio.o
    0x08001e42   0x08001e42   0x00000002   PAD
    0x08001e44   0x08001e44   0x0000000c   Code   RO         2281    i.HAL_GetTick       stm32f1xx_hal.o
    0x08001e50   0x08001e50   0x00000188   Code   RO         3258    i.HAL_I2C_Init      stm32f1xx_hal_i2c.o
    0x08001fd8   0x08001fd8   0x0000025c   Code   RO         3276    i.HAL_I2C_Mem_Read  stm32f1xx_hal_i2c.o
    0x08002234   0x08002234   0x00000130   Code   RO         3279    i.HAL_I2C_Mem_Write  stm32f1xx_hal_i2c.o
    0x08002364   0x08002364   0x0000005c   Code   RO          751    i.HAL_I2C_MspInit   i2c.o
    0x080023c0   0x080023c0   0x00000010   Code   RO         2287    i.HAL_IncTick       stm32f1xx_hal.o
    0x080023d0   0x080023d0   0x00000024   Code   RO         2288    i.HAL_Init          stm32f1xx_hal.o
    0x080023f4   0x080023f4   0x00000098   Code   RO          988    i.HAL_InitTick      stm32f1xx_hal_timebase_tim.o
    0x0800248c   0x0800248c   0x00000048   Code   RO          964    i.HAL_MspInit       stm32f1xx_hal_msp.o
    0x080024d4   0x080024d4   0x0000001a   Code   RO         2747    i.HAL_NVIC_EnableIRQ  stm32f1xx_hal_cortex.o
    0x080024ee   0x080024ee   0x00000002   PAD
    0x080024f0   0x080024f0   0x00000040   Code   RO         2753    i.HAL_NVIC_SetPriority  stm32f1xx_hal_cortex.o
    0x08002530   0x08002530   0x00000024   Code   RO         2754    i.HAL_NVIC_SetPriorityGrouping  stm32f1xx_hal_cortex.o
    0x08002554   0x08002554   0x0000012c   Code   RO         2445    i.HAL_RCC_ClockConfig  stm32f1xx_hal_rcc.o
    0x08002680   0x08002680   0x00000040   Code   RO         2449    i.HAL_RCC_GetClockConfig  stm32f1xx_hal_rcc.o
    0x080026c0   0x080026c0   0x00000020   Code   RO         2452    i.HAL_RCC_GetPCLK1Freq  stm32f1xx_hal_rcc.o
    0x080026e0   0x080026e0   0x00000020   Code   RO         2453    i.HAL_RCC_GetPCLK2Freq  stm32f1xx_hal_rcc.o
    0x08002700   0x08002700   0x0000004c   Code   RO         2454    i.HAL_RCC_GetSysClockFreq  stm32f1xx_hal_rcc.o
    0x0800274c   0x0800274c   0x00000320   Code   RO         2457    i.HAL_RCC_OscConfig  stm32f1xx_hal_rcc.o
    0x08002a6c   0x08002a6c   0x00000002   Code   RO         1769    i.HAL_TIMEx_BreakCallback  stm32f1xx_hal_tim_ex.o
    0x08002a6e   0x08002a6e   0x00000002   Code   RO         1770    i.HAL_TIMEx_CommutCallback  stm32f1xx_hal_tim_ex.o
    0x08002a70   0x08002a70   0x00000068   Code   RO         1788    i.HAL_TIMEx_MasterConfigSynchronization  stm32f1xx_hal_tim_ex.o
    0x08002ad8   0x08002ad8   0x0000005a   Code   RO         1065    i.HAL_TIM_Base_Init  stm32f1xx_hal_tim.o
    0x08002b32   0x08002b32   0x00000002   Code   RO         1067    i.HAL_TIM_Base_MspInit  stm32f1xx_hal_tim.o
    0x08002b34   0x08002b34   0x00000058   Code   RO         1070    i.HAL_TIM_Base_Start_IT  stm32f1xx_hal_tim.o
    0x08002b8c   0x08002b8c   0x00000002   Code   RO         1099    i.HAL_TIM_IC_CaptureCallback  stm32f1xx_hal_tim.o
    0x08002b8e   0x08002b8e   0x00000130   Code   RO         1113    i.HAL_TIM_IRQHandler  stm32f1xx_hal_tim.o
    0x08002cbe   0x08002cbe   0x00000002   PAD
    0x08002cc0   0x08002cc0   0x0000004c   Code   RO          792    i.HAL_TIM_MspPostInit  tim.o
    0x08002d0c   0x08002d0c   0x00000002   Code   RO         1116    i.HAL_TIM_OC_DelayElapsedCallback  stm32f1xx_hal_tim.o
    0x08002d0e   0x08002d0e   0x000000cc   Code   RO         1137    i.HAL_TIM_PWM_ConfigChannel  stm32f1xx_hal_tim.o
    0x08002dda   0x08002dda   0x0000005a   Code   RO         1140    i.HAL_TIM_PWM_Init  stm32f1xx_hal_tim.o
    0x08002e34   0x08002e34   0x00000028   Code   RO          794    i.HAL_TIM_PWM_MspInit  tim.o
    0x08002e5c   0x08002e5c   0x00000002   Code   RO         1143    i.HAL_TIM_PWM_PulseFinishedCallback  stm32f1xx_hal_tim.o
    0x08002e5e   0x08002e5e   0x00000002   PAD
    0x08002e60   0x08002e60   0x00000014   Code   RO          516    i.HAL_TIM_PeriodElapsedCallback  main.o
    0x08002e74   0x08002e74   0x00000002   Code   RO         1156    i.HAL_TIM_TriggerCallback  stm32f1xx_hal_tim.o
    0x08002e76   0x08002e76   0x00000002   Code   RO         3696    i.HAL_UARTEx_RxEventCallback  stm32f1xx_hal_uart.o
    0x08002e78   0x08002e78   0x00000002   Code   RO         3710    i.HAL_UART_ErrorCallback  stm32f1xx_hal_uart.o
    0x08002e7a   0x08002e7a   0x00000002   PAD
    0x08002e7c   0x08002e7c   0x0000026c   Code   RO         3713    i.HAL_UART_IRQHandler  stm32f1xx_hal_uart.o
    0x080030e8   0x080030e8   0x00000064   Code   RO         3714    i.HAL_UART_Init     stm32f1xx_hal_uart.o
    0x0800314c   0x0800314c   0x000000cc   Code   RO          841    i.HAL_UART_MspInit  usart.o
    0x08003218   0x08003218   0x0000001c   Code   RO         3719    i.HAL_UART_Receive_IT  stm32f1xx_hal_uart.o
    0x08003234   0x08003234   0x0000008c   Code   RO          361    i.HAL_UART_RxCpltCallback  mqtt.o
    0x080032c0   0x080032c0   0x000000a0   Code   RO         3722    i.HAL_UART_Transmit  stm32f1xx_hal_uart.o
    0x08003360   0x08003360   0x00000002   Code   RO         3725    i.HAL_UART_TxCpltCallback  stm32f1xx_hal_uart.o
    0x08003362   0x08003362   0x00000002   Code   RO          890    i.HardFault_Handler  stm32f1xx_it.o
    0x08003364   0x08003364   0x0000002e   Code   RO         3301    i.I2C_IsAcknowledgeFailed  stm32f1xx_hal_i2c.o
    0x08003392   0x08003392   0x00000002   PAD
    0x08003394   0x08003394   0x000000fc   Code   RO         3311    i.I2C_RequestMemoryRead  stm32f1xx_hal_i2c.o
    0x08003490   0x08003490   0x000000a8   Code   RO         3312    i.I2C_RequestMemoryWrite  stm32f1xx_hal_i2c.o
    0x08003538   0x08003538   0x00000056   Code   RO         3316    i.I2C_WaitOnBTFFlagUntilTimeout  stm32f1xx_hal_i2c.o
    0x0800358e   0x0800358e   0x00000002   PAD
    0x08003590   0x08003590   0x00000090   Code   RO         3317    i.I2C_WaitOnFlagUntilTimeout  stm32f1xx_hal_i2c.o
    0x08003620   0x08003620   0x000000bc   Code   RO         3318    i.I2C_WaitOnMasterAddressFlagUntilTimeout  stm32f1xx_hal_i2c.o
    0x080036dc   0x080036dc   0x00000070   Code   RO         3319    i.I2C_WaitOnRXNEFlagUntilTimeout  stm32f1xx_hal_i2c.o
    0x0800374c   0x0800374c   0x00000056   Code   RO         3320    i.I2C_WaitOnTXEFlagUntilTimeout  stm32f1xx_hal_i2c.o
    0x080037a2   0x080037a2   0x00000002   PAD
    0x080037a4   0x080037a4   0x00000028   Code   RO          435    i.INA219_Calibration  ina219.o
    0x080037cc   0x080037cc   0x00000028   Code   RO          436    i.INA219_Configuration  ina219.o
    0x080037f4   0x080037f4   0x00000038   Code   RO          437    i.INA219_GetCurrent  ina219.o
    0x0800382c   0x0800382c   0x00000038   Code   RO          438    i.INA219_GetVoltage  ina219.o
    0x08003864   0x08003864   0x00000014   Code   RO          439    i.INA219_Init       ina219.o
    0x08003878   0x08003878   0x000000b8   Code   RO          362    i.MQTT_Publish_Data  mqtt.o
    0x08003930   0x08003930   0x00000068   Code   RO          363    i.MQTT_Receive_Analysis  mqtt.o
    0x08003998   0x08003998   0x00000044   Code   RO          710    i.MX_CAN_Init       can.o
    0x080039dc   0x080039dc   0x0000003c   Code   RO          645    i.MX_FREERTOS_Init  freertos.o
    0x08003a18   0x08003a18   0x000000dc   Code   RO          621    i.MX_GPIO_Init      gpio.o
    0x08003af4   0x08003af4   0x00000040   Code   RO          752    i.MX_I2C1_Init      i2c.o
    0x08003b34   0x08003b34   0x00000070   Code   RO          795    i.MX_TIM3_Init      tim.o
    0x08003ba4   0x08003ba4   0x00000038   Code   RO          842    i.MX_USART1_UART_Init  usart.o
    0x08003bdc   0x08003bdc   0x00000038   Code   RO          843    i.MX_USART2_UART_Init  usart.o
    0x08003c14   0x08003c14   0x00000002   Code   RO          891    i.MemManage_Handler  stm32f1xx_it.o
    0x08003c16   0x08003c16   0x00000002   Code   RO          892    i.NMI_Handler       stm32f1xx_it.o
    0x08003c18   0x08003c18   0x00000028   Code   RO           13    i.OLED_Clear        oled.o
    0x08003c40   0x08003c40   0x00000064   Code   RO           14    i.OLED_ClearArea    oled.o
    0x08003ca4   0x08003ca4   0x00000012   Code   RO           22    i.OLED_GPIO_Init    oled.o
    0x08003cb6   0x08003cb6   0x0000003a   Code   RO           24    i.OLED_I2C_SendByte  oled.o
    0x08003cf0   0x08003cf0   0x0000001e   Code   RO           25    i.OLED_I2C_Start    oled.o
    0x08003d0e   0x08003d0e   0x00000018   Code   RO           26    i.OLED_I2C_Stop     oled.o
    0x08003d26   0x08003d26   0x00000094   Code   RO           27    i.OLED_Init         oled.o
    0x08003dba   0x08003dba   0x00000022   Code   RO           33    i.OLED_SetCursor    oled.o
    0x08003ddc   0x08003ddc   0x0000005c   Code   RO           35    i.OLED_ShowChar     oled.o
    0x08003e38   0x08003e38   0x000000b0   Code   RO           39    i.OLED_ShowImage    oled.o
    0x08003ee8   0x08003ee8   0x0000002c   Code   RO           42    i.OLED_ShowString   oled.o
    0x08003f14   0x08003f14   0x00000028   Code   RO           43    i.OLED_Update       oled.o
    0x08003f3c   0x08003f3c   0x00000010   Code   RO           45    i.OLED_W_SCL        oled.o
    0x08003f4c   0x08003f4c   0x00000010   Code   RO           46    i.OLED_W_SDA        oled.o
    0x08003f5c   0x08003f5c   0x00000022   Code   RO           47    i.OLED_WriteCommand  oled.o
    0x08003f7e   0x08003f7e   0x00000030   Code   RO           48    i.OLED_WriteData    oled.o
    0x08003fae   0x08003fae   0x00000002   PAD
    0x08003fb0   0x08003fb0   0x0000001c   Code   RO          364    i.PC_Log            mqtt.o
    0x08003fcc   0x08003fcc   0x00000038   Code   RO          646    i.StartMQTT_Task    freertos.o
    0x08004004   0x08004004   0x00000224   Code   RO          647    i.StartSensor_Task  freertos.o
    0x08004228   0x08004228   0x0000002c   Code   RO         5320    i.SysTick_Handler   port.o
    0x08004254   0x08004254   0x0000005e   Code   RO          517    i.SystemClock_Config  main.o
    0x080042b2   0x080042b2   0x00000002   Code   RO         4048    i.SystemInit        system_stm32f1xx.o
    0x080042b4   0x080042b4   0x0000000c   Code   RO          893    i.TIM4_IRQHandler   stm32f1xx_it.o
    0x080042c0   0x080042c0   0x00000078   Code   RO         1158    i.TIM_Base_SetConfig  stm32f1xx_hal_tim.o
    0x08004338   0x08004338   0x00000050   Code   RO         1171    i.TIM_OC1_SetConfig  stm32f1xx_hal_tim.o
    0x08004388   0x08004388   0x00000058   Code   RO         1172    i.TIM_OC2_SetConfig  stm32f1xx_hal_tim.o
    0x080043e0   0x080043e0   0x00000058   Code   RO         1173    i.TIM_OC3_SetConfig  stm32f1xx_hal_tim.o
    0x08004438   0x08004438   0x00000044   Code   RO         1174    i.TIM_OC4_SetConfig  stm32f1xx_hal_tim.o
    0x0800447c   0x0800447c   0x00000010   Code   RO         3727    i.UART_DMAAbortOnError  stm32f1xx_hal_uart.o
    0x0800448c   0x0800448c   0x0000004e   Code   RO         3737    i.UART_EndRxTransfer  stm32f1xx_hal_uart.o
    0x080044da   0x080044da   0x000000c2   Code   RO         3739    i.UART_Receive_IT   stm32f1xx_hal_uart.o
    0x0800459c   0x0800459c   0x000000b8   Code   RO         3740    i.UART_SetConfig    stm32f1xx_hal_uart.o
    0x08004654   0x08004654   0x00000036   Code   RO         3742    i.UART_Start_Receive_IT  stm32f1xx_hal_uart.o
    0x0800468a   0x0800468a   0x00000072   Code   RO         3743    i.UART_WaitOnFlagUntilTimeout  stm32f1xx_hal_uart.o
    0x080046fc   0x080046fc   0x0000000c   Code   RO          894    i.USART2_IRQHandler  stm32f1xx_it.o
    0x08004708   0x08004708   0x0000000c   Code   RO          895    i.USB_LP_CAN1_RX0_IRQHandler  stm32f1xx_it.o
    0x08004714   0x08004714   0x00000002   Code   RO          896    i.UsageFault_Handler  stm32f1xx_it.o
    0x08004716   0x08004716   0x00000028   Code   RO         5709    i.__ARM_fpclassify  m_ws.l(fpclassify.o)
    0x0800473e   0x0800473e   0x00000020   Code   RO         2760    i.__NVIC_SetPriority  stm32f1xx_hal_cortex.o
    0x0800475e   0x0800475e   0x0000000e   Code   RO         5426    i._is_digit         c_w.l(__printf_wp.o)
    0x0800476c   0x0800476c   0x00000030   Code   RO         4549    i.eTaskConfirmSleepModeStatus  tasks.o
    0x0800479c   0x0800479c   0x0000005c   Code   RO          518    i.main              main.o
    0x080047f8   0x080047f8   0x0000000c   Code   RO         4885    i.makeFreeRtosPriority  cmsis_os.o
    0x08004804   0x08004804   0x0000000e   Code   RO         4887    i.osDelay           cmsis_os.o
    0x08004812   0x08004812   0x0000000a   Code   RO         4890    i.osKernelStart     cmsis_os.o
    0x0800481c   0x0800481c   0x00000054   Code   RO         4924    i.osThreadCreate    cmsis_os.o
    0x08004870   0x08004870   0x00000070   Code   RO         4551    i.prvAddCurrentTaskToDelayedList  tasks.o
    0x080048e0   0x080048e0   0x000000d0   Code   RO         4552    i.prvAddNewTaskToReadyList  tasks.o
    0x080049b0   0x080049b0   0x00000034   Code   RO         4553    i.prvDeleteTCB      tasks.o
    0x080049e4   0x080049e4   0x00000034   Code   RO         4554    i.prvGetExpectedIdleTime  tasks.o
    0x08004a18   0x08004a18   0x0000004c   Code   RO         5252    i.prvHeapInit       heap_4.o
    0x08004a64   0x08004a64   0x00000094   Code   RO         4555    i.prvIdleTask       tasks.o
    0x08004af8   0x08004af8   0x00000098   Code   RO         4556    i.prvInitialiseNewTask  tasks.o
    0x08004b90   0x08004b90   0x0000004c   Code   RO         5253    i.prvInsertBlockIntoFreeList  heap_4.o
    0x08004bdc   0x08004bdc   0x00000020   Code   RO         4557    i.prvResetNextTaskUnblockTime  tasks.o
    0x08004bfc   0x08004bfc   0x00000028   Code   RO         5321    i.prvTaskExitError  port.o
    0x08004c24   0x08004c24   0x000000dc   Code   RO         5254    i.pvPortMalloc      heap_4.o
    0x08004d00   0x08004d00   0x00000024   Code   RO         5322    i.pxPortInitialiseStack  port.o
    0x08004d24   0x08004d24   0x00000026   Code   RO         4186    i.uxListRemove      list.o
    0x08004d4a   0x08004d4a   0x00000002   PAD
    0x08004d4c   0x08004d4c   0x00000014   Code   RO          648    i.vApplicationGetIdleTaskMemory  freertos.o
    0x08004d60   0x08004d60   0x00000010   Code   RO          649    i.vApplicationIdleHook  freertos.o
    0x08004d70   0x08004d70   0x00000016   Code   RO         4187    i.vListInitialise   list.o
    0x08004d86   0x08004d86   0x00000006   Code   RO         4188    i.vListInitialiseItem  list.o
    0x08004d8c   0x08004d8c   0x00000030   Code   RO         4189    i.vListInsert       list.o
    0x08004dbc   0x08004dbc   0x00000018   Code   RO         4190    i.vListInsertEnd    list.o
    0x08004dd4   0x08004dd4   0x00000040   Code   RO         5324    i.vPortEnterCritical  port.o
    0x08004e14   0x08004e14   0x00000028   Code   RO         5325    i.vPortExitCritical  port.o
    0x08004e3c   0x08004e3c   0x00000064   Code   RO         5255    i.vPortFree         heap_4.o
    0x08004ea0   0x08004ea0   0x00000048   Code   RO         5326    i.vPortSetupTimerInterrupt  port.o
    0x08004ee8   0x08004ee8   0x000000d4   Code   RO         5327    i.vPortSuppressTicksAndSleep  port.o
    0x08004fbc   0x08004fbc   0x0000004c   Code   RO         4566    i.vTaskDelay        tasks.o
    0x08005008   0x08005008   0x0000006c   Code   RO         4579    i.vTaskStartScheduler  tasks.o
    0x08005074   0x08005074   0x00000028   Code   RO         4580    i.vTaskStepTick     tasks.o
    0x0800509c   0x0800509c   0x00000010   Code   RO         4582    i.vTaskSuspendAll   tasks.o
    0x080050ac   0x080050ac   0x0000005c   Code   RO         4583    i.vTaskSwitchContext  tasks.o
    0x08005108   0x08005108   0x000000a8   Code   RO         5329    i.xPortStartScheduler  port.o
    0x080051b0   0x080051b0   0x0000005a   Code   RO         4586    i.xTaskCreate       tasks.o
    0x0800520a   0x0800520a   0x00000056   Code   RO         4587    i.xTaskCreateStatic  tasks.o
    0x08005260   0x08005260   0x000000cc   Code   RO         4594    i.xTaskIncrementTick  tasks.o
    0x0800532c   0x0800532c   0x000000c4   Code   RO         4600    i.xTaskResumeAll    tasks.o
    0x080053f0   0x080053f0   0x0000002c   Code   RO         5703    locale$$code        c_w.l(lc_numeric_c.o)
    0x0800541c   0x0800541c   0x0000000c   Code   RO         5599    x$fpl$dretinf       fz_ws.l(dretinf.o)
    0x08005428   0x08005428   0x00000056   Code   RO         5491    x$fpl$f2d           fz_ws.l(f2d.o)
    0x0800547e   0x0800547e   0x00000002   PAD
    0x08005480   0x08005480   0x000000c4   Code   RO         5493    x$fpl$fadd          fz_ws.l(faddsub_clz.o)
    0x08005544   0x08005544   0x00000036   Code   RO         5499    x$fpl$ffix          fz_ws.l(ffix.o)
    0x0800557a   0x0800557a   0x00000002   PAD
    0x0800557c   0x0800557c   0x00000030   Code   RO         5504    x$fpl$fflt          fz_ws.l(fflt_clz.o)
    0x080055ac   0x080055ac   0x00000026   Code   RO         5503    x$fpl$ffltu         fz_ws.l(fflt_clz.o)
    0x080055d2   0x080055d2   0x00000002   PAD
    0x080055d4   0x080055d4   0x00000102   Code   RO         5509    x$fpl$fmul          fz_ws.l(fmul.o)
    0x080056d6   0x080056d6   0x0000008c   Code   RO         5601    x$fpl$fnaninf       fz_ws.l(fnaninf.o)
    0x08005762   0x08005762   0x0000000a   Code   RO         5603    x$fpl$fretinf       fz_ws.l(fretinf.o)
    0x0800576c   0x0800576c   0x000000ea   Code   RO         5495    x$fpl$fsub          fz_ws.l(faddsub_clz.o)
    0x08005856   0x08005856   0x00000004   Code   RO         5511    x$fpl$printf1       fz_ws.l(printf1.o)
    0x0800585a   0x0800585a   0x00000000   Code   RO         5611    x$fpl$usenofp       fz_ws.l(usenofp.o)
    0x0800585a   0x0800585a   0x000005f0   Data   RO          486    .constdata          oled_data.o
    0x08005e4a   0x08005e4a   0x0000023a   Data   RO          487    .constdata          oled_data.o
    0x08006084   0x08006084   0x00000d5c   Data   RO          488    .constdata          oled_data.o
    0x08006de0   0x08006de0   0x00000038   Data   RO          651    .constdata          freertos.o
    0x08006e18   0x08006e18   0x00000012   Data   RO         2458    .constdata          stm32f1xx_hal_rcc.o
    0x08006e2a   0x08006e2a   0x00000010   Data   RO         4049    .constdata          system_stm32f1xx.o
    0x08006e3a   0x08006e3a   0x00000008   Data   RO         4050    .constdata          system_stm32f1xx.o
    0x08006e42   0x08006e42   0x00000011   Data   RO         5434    .constdata          c_w.l(__printf_flags_ss_wp.o)
    0x08006e53   0x08006e53   0x00000001   PAD
    0x08006e54   0x08006e54   0x00000094   Data   RO         5676    .constdata          c_w.l(bigflt0.o)
    0x08006ee8   0x08006ee8   0x00000045   Data   RO          366    .conststring        mqtt.o
    0x08006f2d   0x08006f2d   0x00000003   PAD
    0x08006f30   0x08006f30   0x00000018   Data   RO          652    .conststring        freertos.o
    0x08006f48   0x08006f48   0x00000020   Data   RO         5863    Region$$Table       anon$$obj.o
    0x08006f68   0x08006f68   0x0000001c   Data   RO         5702    locale$$data        c_w.l(lc_numeric_c.o)


    Execution Region RW_IRAM1 (Exec base: 0x20000000, Load base: 0x08006f84, Size: 0x00003108, Max: 0x00005000, ABSOLUTE)

    Exec Addr    Load Addr    Size         Type   Attr      Idx    E Section Name        Object

    0x20000000   0x08006f84   0x00000004   Data   RW          367    .data               mqtt.o
    0x20000004   0x08006f88   0x00000004   Data   RW          520    .data               main.o
    0x20000008   0x08006f8c   0x00000004   Data   RW          521    .data               main.o
    0x2000000c   0x08006f90   0x00000001   Data   RW          524    .data               main.o
    0x2000000d   0x08006f91   0x00000008   Data   RW          525    .data               main.o
    0x20000015   0x08006f99   0x00000003   PAD
    0x20000018   0x08006f9c   0x00000004   Data   RW          526    .data               main.o
    0x2000001c   0x08006fa0   0x0000000c   Data   RW          653    .data               freertos.o
    0x20000028   0x08006fac   0x0000000c   Data   RW         2295    .data               stm32f1xx_hal.o
    0x20000034   0x08006fb8   0x00000004   Data   RW         4051    .data               system_stm32f1xx.o
    0x20000038   0x08006fbc   0x0000003c   Data   RW         4603    .data               tasks.o
    0x20000074   0x08006ff8   0x00000020   Data   RW         5261    .data               heap_4.o
    0x20000094   0x08007018   0x00000018   Data   RW         5330    .data               port.o
    0x200000ac        -       0x00000400   Zero   RW           50    .bss                oled.o
    0x200004ac        -       0x00000100   Zero   RW          365    .bss                mqtt.o
    0x200005ac        -       0x00000018   Zero   RW          519    .bss                main.o
    0x200005c4        -       0x00000254   Zero   RW          650    .bss                freertos.o
    0x20000818        -       0x00000028   Zero   RW          711    .bss                can.o
    0x20000840        -       0x00000054   Zero   RW          753    .bss                i2c.o
    0x20000894        -       0x00000048   Zero   RW          796    .bss                tim.o
    0x200008dc        -       0x00000090   Zero   RW          844    .bss                usart.o
    0x2000096c        -       0x00000048   Zero   RW          991    .bss                stm32f1xx_hal_timebase_tim.o
    0x200009b4        -       0x000000f0   Zero   RW         4602    .bss                tasks.o
    0x20000aa4        -       0x00002000   Zero   RW         5260    .bss                heap_4.o
    0x20002aa4        -       0x00000060   Zero   RW         5714    .bss                c_w.l(libspace.o)
    0x20002b04   0x08007030   0x00000004   PAD
    0x20002b08        -       0x00000200   Zero   RW            2    HEAP                startup_stm32f103xb.o
    0x20002d08        -       0x00000400   Zero   RW            1    STACK               startup_stm32f103xb.o


==============================================================================

Image component sizes


      Code (inc. data)   RO Data    RW Data    ZI Data      Debug   Object Name

       192         22          0          0         40       1691   can.o
       120          0          0          0          0      23293   cmsis_os.o
         0          0          0          0          0      16952   event_groups.o
       700        158         80         12        596       4561   freertos.o
       220         16          0          0          0       1003   gpio.o
       472         24          0         32       8192       7391   heap_4.o
       156         26          0          0         84       1665   i2c.o
       212         32          0          0          0       2940   ina219.o
       138          0          0          0          0       3450   list.o
       210         16          0         21         24      34956   main.o
       812        332         69          4        256       4445   mqtt.o
       918         46          0          0       1024     454625   oled.o
         0          0       5510          0          0       1634   oled_data.o
       826         70          0         24          0      11669   port.o
        64         26        236          0       1536        820   startup_stm32f103xb.o
       100         18          0         12          0       5318   stm32f1xx_hal.o
      1156          0          0          0          0      12408   stm32f1xx_hal_can.o
       158         14          0          0          0      28230   stm32f1xx_hal_cortex.o
       222          4          0          0          0       1799   stm32f1xx_hal_dma.o
       490         34          0          0          0       2916   stm32f1xx_hal_gpio.o
      2382         56          0          0          0      13130   stm32f1xx_hal_i2c.o
        72         10          0          0          0        890   stm32f1xx_hal_msp.o
      1304         94         18          0          0       5809   stm32f1xx_hal_rcc.o
      1230         44          0          0          0      11695   stm32f1xx_hal_tim.o
       108         12          0          0          0       2441   stm32f1xx_hal_tim_ex.o
       152         20          0          0         72       1507   stm32f1xx_hal_timebase_tim.o
      1554         10          0          0          0      11092   stm32f1xx_hal_uart.o
        48         18          0          0          0       3996   stm32f1xx_it.o
         0          0          0          0          0        384   stream_buffer.o
         2          0         24          4          0       1143   system_stm32f1xx.o
      1712        136          0         60        240      21516   tasks.o
       228         34          0          0         72       2267   tim.o
       316         34          0          0        144       2427   usart.o

    ----------------------------------------------------------------------
     16300       1306       5972        172      12280     700063   Object Totals
         0          0         32          0          0          0   (incl. Generated)
        26          0          3          3          0          0   (incl. Padding)

    ----------------------------------------------------------------------

      Code (inc. data)   RO Data    RW Data    ZI Data      Debug   Library Member Name

        44          6          0          0          0         84   __2sprintf.o
         8          0          0          0          0         68   __main.o
       392          4         17          0          0         92   __printf_flags_ss_wp.o
        14          0          0          0          0         68   __printf_wp.o
         0          0          0          0          0          0   __rtentry.o
        12          0          0          0          0          0   __rtentry2.o
         6          0          0          0          0          0   __rtentry4.o
        52          8          0          0          0          0   __scatter.o
        26          0          0          0          0          0   __scatter_copy.o
        28          0          0          0          0          0   __scatter_zi.o
        44          0          0          0          0        108   _printf_char.o
        48          6          0          0          0         96   _printf_char_common.o
         6          0          0          0          0          0   _printf_f.o
      1054          0          0          0          0        216   _printf_fp_dec.o
       128         16          0          0          0         84   _printf_fp_infnan.o
         0          0          0          0          0          0   _printf_percent.o
         4          0          0          0          0          0   _printf_percent_end.o
         6          0          0          0          0          0   _printf_s.o
        82          0          0          0          0         80   _printf_str.o
        10          0          0          0          0         68   _sputc.o
       228          4        148          0          0         96   bigflt0.o
      1936        128          0          0          0        672   btod.o
        18          0          0          0          0         80   exit.o
         6          0          0          0          0        152   heapauxi.o
         0          0          0          0          0          0   indicate_semi.o
        44         10         28          0          0         76   lc_numeric_c.o
         2          0          0          0          0          0   libinit.o
        18          0          0          0          0          0   libinit2.o
         2          0          0          0          0          0   libshutdown.o
         2          0          0          0          0          0   libshutdown2.o
         8          4          0          0         96         68   libspace.o
       138          0          0          0          0         80   lludiv10.o
         8          4          0          0          0         68   rt_locale_intlibspace.o
        68          0          0          0          0         68   rt_memclr.o
        78          0          0          0          0         80   rt_memclr_w.o
       100          0          0          0          0         80   rt_memcpy_w.o
         2          0          0          0          0          0   rtexit.o
        10          0          0          0          0          0   rtexit2.o
       128          0          0          0          0         68   strcmpv7m.o
        62          0          0          0          0         76   strlen.o
        36          0          0          0          0         80   strstr.o
        12          4          0          0          0         68   sys_exit.o
        74          0          0          0          0         80   sys_stackheap_outer.o
         2          0          0          0          0         68   use_no_semi.o
        12          0          0          0          0         68   dretinf.o
        86          4          0          0          0         84   f2d.o
       430          8          0          0          0        168   faddsub_clz.o
        54          4          0          0          0         84   ffix.o
        86          0          0          0          0        136   fflt_clz.o
       258          4          0          0          0         84   fmul.o
       140          4          0          0          0         84   fnaninf.o
        10          0          0          0          0         68   fretinf.o
         4          0          0          0          0         68   printf1.o
         0          0          0          0          0          0   usenofp.o
        40          0          0          0          0         68   fpclassify.o

    ----------------------------------------------------------------------
      6082        218        194          0        100       3836   Library Totals
        16          0          1          0          4          0   (incl. Padding)

    ----------------------------------------------------------------------

      Code (inc. data)   RO Data    RW Data    ZI Data      Debug   Library Name

      4946        194        193          0         96       2924   c_w.l
      1080         24          0          0          0        844   fz_ws.l
        40          0          0          0          0         68   m_ws.l

    ----------------------------------------------------------------------
      6082        218        194          0        100       3836   Library Totals

    ----------------------------------------------------------------------

==============================================================================


      Code (inc. data)   RO Data    RW Data    ZI Data      Debug   

     22382       1524       6166        172      12380     692819   Grand Totals
     22382       1524       6166        172      12380     692819   ELF Image Totals
     22382       1524       6166        172          0          0   ROM Totals

==============================================================================

    Total RO  Size (Code + RO Data)                28548 (  27.88kB)
    Total RW  Size (RW Data + ZI Data)             12552 (  12.26kB)
    Total ROM Size (Code + RO Data + RW Data)      28720 (  28.05kB)

==============================================================================

